
============================================================
FLOW Run: 2026-03-07 09:41:17
============================================================
[FLOW] 2026-03-07 09:41:17 | Blueprint root resolved: C:\Prototyping\MUNI
[FLOW] 2026-03-07 09:41:17 | Loaded 5 mapping entries
[FLOW] 2026-03-07 09:41:17 | Loaded 2 trigger rule(s) from flowtriggers.txt (order: 10, 20)
[FLOW] 2026-03-07 09:41:17 | SCAN: 02-artifacts\00-xml\03-child\00-archimatechild\Architecture.xml
[FLOW] 2026-03-07 09:41:17 | SCAN: 02-artifacts\00-xml\03-child\00-archimatechild\Importer.xml
[FLOW] 2026-03-07 09:41:17 |   TRIGGER [order=10] [archi_workpackage] key=Script info=id-06dfe8abed464e21b8ba652a4c432a33
[FLOW] 2026-03-07 09:41:17 | SCAN: 02-artifacts\00-xml\03-child\00-archimatechild\MUNI EA Modell.xml
[FLOW] 2026-03-07 09:41:17 | SCAN: 02-artifacts\00-xml\03-child\00-archimatechild\MUNI FLOW.xml
[FLOW] 2026-03-07 09:41:17 | SCAN: 02-artifacts\00-xml\03-child\00-archimatechild\R+Muni Architecture Modell.xml
[FLOW] 2026-03-07 09:41:17 | SCAN: 02-artifacts\00-xml\03-child\01-bpmnchild\BPU01-CSV 2 CSV.bpmn
[FLOW] 2026-03-07 09:41:17 |   TRIGGER [order=20] [bpmn_servicetask] key=Activity_0oba9ny info=CSV00-validate_environment.py
[FLOW] 2026-03-07 09:41:17 |   TRIGGER [order=20] [bpmn_servicetask] key=Activity_1ap0iye info=CSV01-validate_model.py
[FLOW] 2026-03-07 09:41:17 |   TRIGGER [order=20] [bpmn_servicetask] key=Activity_16u81bj info=CSV03-resolve_run_scope.py
[FLOW] 2026-03-07 09:41:17 |   TRIGGER [order=20] [bpmn_servicetask] key=Activity_06otpyj info=CSV04-model-overview.py
[FLOW] 2026-03-07 09:41:17 |   TRIGGER [order=20] [bpmn_servicetask] key=Activity_1b1btjs info=CSV05-create_master_csvs.py
[FLOW] 2026-03-07 09:41:17 | Detected 6 trigger(s)
[FLOW] 2026-03-07 09:41:17 | Execution order: Script(order=10), Activity_0oba9ny(order=20), Activity_1ap0iye(order=20), Activity_16u81bj(order=20), Activity_06otpyj(order=20), Activity_1b1btjs(order=20)
[FLOW] 2026-03-07 09:41:17 | SKIP (unmapped): key=Script [archi_workpackage]
[FLOW] 2026-03-07 09:41:17 | EXEC: C:\Prototyping\MUNI\02-artifacts\01-scripts\CSV00-validate_environment.py
[FLOW] 2026-03-07 09:41:17 | EXEC: C:\Prototyping\MUNI\02-artifacts\01-scripts\CSV01-validate_model.py
[FLOW] 2026-03-07 09:41:17 | EXEC: C:\Prototyping\MUNI\02-artifacts\01-scripts\CSV03-resolve_run_scope.py
[FLOW] 2026-03-07 09:41:17 | EXEC: C:\Prototyping\MUNI\02-artifacts\01-scripts\CSV04-model-overview.py
[FLOW] 2026-03-07 09:41:17 | EXEC: C:\Prototyping\MUNI\02-artifacts\01-scripts\CSV05-create_master_csvs.py
[FLOW] 2026-03-07 09:41:17 | FLOW finished: executed=5, total_triggers=6
[FLOW] 2026-03-07 09:41:17 | Log written to: C:\Prototyping\MUNI\03-stages\99-logs\flow.log

============================================================
FLOW Run: 2026-03-07 09:41:56
============================================================
[FLOW] 2026-03-07 09:41:56 | Blueprint root resolved: C:\Prototyping\MUNI
[FLOW] 2026-03-07 09:41:56 | Loaded 5 mapping entries
[FLOW] 2026-03-07 09:41:56 | Loaded 2 trigger rule(s) from flowtriggers.txt (order: 10, 20)
[FLOW] 2026-03-07 09:41:56 | SCAN: 02-artifacts\00-xml\03-child\00-archimatechild\Architecture.xml
[FLOW] 2026-03-07 09:41:56 | SCAN: 02-artifacts\00-xml\03-child\00-archimatechild\Importer.xml
[FLOW] 2026-03-07 09:41:56 |   TRIGGER [order=10] [archi_workpackage] key=Script info=id-06dfe8abed464e21b8ba652a4c432a33
[FLOW] 2026-03-07 09:41:56 | SCAN: 02-artifacts\00-xml\03-child\00-archimatechild\MUNI EA Modell.xml
[FLOW] 2026-03-07 09:41:56 | SCAN: 02-artifacts\00-xml\03-child\00-archimatechild\MUNI FLOW.xml
[FLOW] 2026-03-07 09:41:56 | SCAN: 02-artifacts\00-xml\03-child\00-archimatechild\R+Muni Architecture Modell.xml
[FLOW] 2026-03-07 09:41:56 | SCAN: 02-artifacts\00-xml\03-child\01-bpmnchild\BPU01-CSV 2 CSV.bpmn
[FLOW] 2026-03-07 09:41:56 |   TRIGGER [order=20] [bpmn_servicetask] key=Activity_0oba9ny info=CSV00-validate_environment.py
[FLOW] 2026-03-07 09:41:56 |   TRIGGER [order=20] [bpmn_servicetask] key=Activity_1ap0iye info=CSV01-validate_model.py
[FLOW] 2026-03-07 09:41:56 |   TRIGGER [order=20] [bpmn_servicetask] key=Activity_16u81bj info=CSV03-resolve_run_scope.py
[FLOW] 2026-03-07 09:41:56 |   TRIGGER [order=20] [bpmn_servicetask] key=Activity_06otpyj info=CSV04-model-overview.py
[FLOW] 2026-03-07 09:41:56 |   TRIGGER [order=20] [bpmn_servicetask] key=Activity_1b1btjs info=CSV05-create_master_csvs.py
[FLOW] 2026-03-07 09:41:56 | Detected 6 trigger(s)
[FLOW] 2026-03-07 09:41:56 | Execution order: Script(order=10), Activity_0oba9ny(order=20), Activity_1ap0iye(order=20), Activity_16u81bj(order=20), Activity_06otpyj(order=20), Activity_1b1btjs(order=20)
[FLOW] 2026-03-07 09:41:56 | SKIP (unmapped): key=Script [archi_workpackage]
[FLOW] 2026-03-07 09:41:56 | EXEC: C:\Prototyping\MUNI\02-artifacts\01-scripts\CSV00-validate_environment.py
[FLOW] 2026-03-07 09:41:56 | EXEC: C:\Prototyping\MUNI\02-artifacts\01-scripts\CSV01-validate_model.py
[FLOW] 2026-03-07 09:41:56 | EXEC: C:\Prototyping\MUNI\02-artifacts\01-scripts\CSV03-resolve_run_scope.py
[FLOW] 2026-03-07 09:41:56 | EXEC: C:\Prototyping\MUNI\02-artifacts\01-scripts\CSV04-model-overview.py
[FLOW] 2026-03-07 09:41:56 | EXEC: C:\Prototyping\MUNI\02-artifacts\01-scripts\CSV05-create_master_csvs.py
[FLOW] 2026-03-07 09:41:56 | FLOW finished: executed=5, total_triggers=6
[FLOW] 2026-03-07 09:41:56 | Log written to: C:\Prototyping\MUNI\03-stages\99-logs\flow.log
