FLW01-discover – Scan Log
Run: 2026-03-07 09:53:10
============================================================

Scanned files (6):
  02-artifacts\00-xml\03-child\00-archimatechild\Architecture.xml
  02-artifacts\00-xml\03-child\00-archimatechild\Importer.xml
  02-artifacts\00-xml\03-child\00-archimatechild\MUNI EA Modell.xml
  02-artifacts\00-xml\03-child\00-archimatechild\MUNI FLOW.xml
  02-artifacts\00-xml\03-child\00-archimatechild\R+Muni Architecture Modell.xml
  02-artifacts\00-xml\03-child\01-bpmnchild\BPU01-CSV 2 CSV.bpmn

Trigger rules loaded (2):
  order=  10  [archi_workpackage]  source=archi  dispatch_key=property:Type
  order=  20  [bpmn_servicetask]  source=bpmn  dispatch_key=attr:id

============================================================
ARCHI – element_type (59 unique)
============================================================

  ApplicationCollaboration
    Trigger match : NOT CONFIGURED
    Found in:
      02-artifacts\00-xml\03-child\00-archimatechild\Architecture.xml
      02-artifacts\00-xml\03-child\00-archimatechild\Importer.xml
      02-artifacts\00-xml\03-child\00-archimatechild\MUNI EA Modell.xml
      02-artifacts\00-xml\03-child\00-archimatechild\R+Muni Architecture Modell.xml
    Identifiers (2):
      id-1a366e9a78494264a24f1594ee44c026
      id-2aaf978df8a5498288322fc2dc707c09

  ApplicationComponent
    Trigger match : NOT CONFIGURED
    Found in:
      02-artifacts\00-xml\03-child\00-archimatechild\Architecture.xml
      02-artifacts\00-xml\03-child\00-archimatechild\Importer.xml
      02-artifacts\00-xml\03-child\00-archimatechild\MUNI EA Modell.xml
      02-artifacts\00-xml\03-child\00-archimatechild\R+Muni Architecture Modell.xml
    Identifiers (6):
      id-1e951c3ecb254860b2a829c8ca2895c3
      id-7ebdb2a2d877437b8d3b8945b31aff5e
      id-8e3e68f7c3b54c6d996c1c65cd4d3eab
      id-cc0d9dae567c4981b1cb2c6527a5c326
      id-df247b5f9ebb4d768ec0d00b795e3502
      id-f0c53e2b0d4c45f78453cfe7ea090c5e

  ApplicationEvent
    Trigger match : NOT CONFIGURED
    Found in:
      02-artifacts\00-xml\03-child\00-archimatechild\Importer.xml
    Identifiers (1):
      id-41f761e0fc274f23be41d98ed0ecf45c

  ApplicationFunction
    Trigger match : NOT CONFIGURED
    Found in:
      02-artifacts\00-xml\03-child\00-archimatechild\Architecture.xml
      02-artifacts\00-xml\03-child\00-archimatechild\Importer.xml
      02-artifacts\00-xml\03-child\00-archimatechild\MUNI EA Modell.xml
      02-artifacts\00-xml\03-child\00-archimatechild\R+Muni Architecture Modell.xml
    Identifiers (18):
      id-01ab2c652ce64460b1b4e2932e725a6e
      id-04d63fc625ef46dd99d301c9d647a626
      id-19686442ea94450cb3a518b60d176101
      id-31b2b9431eb741fe845bf7420bcb36b4
      id-47eece96f6ef4f8c887079832c9c8d32
      id-48a16234b4e4448cb38d7d66c3ae8f87
      id-73f92331be754642b7ec3de3649fa263
      id-8f6f20af5c0149b5aaf5f395b705cddf
      id-94f52e6fd1f644e7938c274d6da9f223
      id-a3a7ba26228142be94e11c8099b1f549
      ... (+8 more)

  ApplicationInteraction
    Trigger match : NOT CONFIGURED
    Found in:
      02-artifacts\00-xml\03-child\00-archimatechild\Importer.xml
    Identifiers (1):
      id-2a6c5ec51212471f96e1398f2297f810

  ApplicationInterface
    Trigger match : NOT CONFIGURED
    Found in:
      02-artifacts\00-xml\03-child\00-archimatechild\Architecture.xml
      02-artifacts\00-xml\03-child\00-archimatechild\Importer.xml
      02-artifacts\00-xml\03-child\00-archimatechild\MUNI EA Modell.xml
      02-artifacts\00-xml\03-child\00-archimatechild\R+Muni Architecture Modell.xml
    Identifiers (6):
      id-09378af6e4e54c2bb56f37b056b411d0
      id-1b2321b1993f432d867aab233c737a41
      id-39f6158dcef44d1bbc05659f4ba42766
      id-7351980e1fd84ab1b1cef85e7f32a470
      id-8dbf0f7a10824dc7923ff7389f05700b
      id-def2bc7d7c89434f96b6ebb74efdaa19

  ApplicationProcess
    Trigger match : NOT CONFIGURED
    Found in:
      02-artifacts\00-xml\03-child\00-archimatechild\Importer.xml
    Identifiers (1):
      id-3f5e3fb2b466409fb877d82be46b34de

  ApplicationService
    Trigger match : NOT CONFIGURED
    Found in:
      02-artifacts\00-xml\03-child\00-archimatechild\Importer.xml
    Identifiers (1):
      id-a8d2962157154ace949c6024260ed410

  Artifact
    Trigger match : NOT CONFIGURED
    Found in:
      02-artifacts\00-xml\03-child\00-archimatechild\Architecture.xml
      02-artifacts\00-xml\03-child\00-archimatechild\Importer.xml
      02-artifacts\00-xml\03-child\00-archimatechild\MUNI FLOW.xml
      02-artifacts\00-xml\03-child\00-archimatechild\R+Muni Architecture Modell.xml
    Identifiers (267):
      id-00cf324bb2fa4fc5aa96f88a0f152c35
      id-03daec5d29bd4b189ca2a5496252e5b7
      id-05b984b42a2341f9b9ef629cbcfba788
      id-0699461668eb4216b62dec82887521bd
      id-06b685dca8a644b7a134c186b5cd5cb0
      id-06c671c503a54f5f943a7c7b981fbfd8
      id-07f6a1ba20284089a07feedb889ebf0a
      id-086beea937e649459cae69d0a8f9c442
      id-08ebdb53c6424e198e2420265f77df9d
      id-094cdbbde88247b6aeaa20d271264ede
      ... (+257 more)

  Assessment
    Trigger match : NOT CONFIGURED
    Found in:
      02-artifacts\00-xml\03-child\00-archimatechild\Architecture.xml
      02-artifacts\00-xml\03-child\00-archimatechild\Importer.xml
      02-artifacts\00-xml\03-child\00-archimatechild\MUNI EA Modell.xml
      02-artifacts\00-xml\03-child\00-archimatechild\R+Muni Architecture Modell.xml
    Identifiers (2):
      id-26e1e8e751e74126a6d978621d6e627c
      id-a629cbaa5892420cbf7ee173c114ae5c

  BusinessActor
    Trigger match : NOT CONFIGURED
    Found in:
      02-artifacts\00-xml\03-child\00-archimatechild\Architecture.xml
      02-artifacts\00-xml\03-child\00-archimatechild\Importer.xml
      02-artifacts\00-xml\03-child\00-archimatechild\MUNI EA Modell.xml
      02-artifacts\00-xml\03-child\00-archimatechild\R+Muni Architecture Modell.xml
    Identifiers (2):
      id-22efd022508a461c8736993347cf1497
      id-32a504ae21274b1ba2809f15c3f99ca2

  BusinessEvent
    Trigger match : NOT CONFIGURED
    Found in:
      02-artifacts\00-xml\03-child\00-archimatechild\Importer.xml
    Identifiers (1):
      id-4312e59f96194527998f543af29e5993

  BusinessFunction
    Trigger match : NOT CONFIGURED
    Found in:
      02-artifacts\00-xml\03-child\00-archimatechild\Architecture.xml
      02-artifacts\00-xml\03-child\00-archimatechild\Importer.xml
      02-artifacts\00-xml\03-child\00-archimatechild\MUNI EA Modell.xml
      02-artifacts\00-xml\03-child\00-archimatechild\R+Muni Architecture Modell.xml
    Identifiers (8):
      id-1728306f843245c28cdf4c03f931735c
      id-254704aef3534da5b3863619168df04b
      id-515413fa45a343748eed2ef0e5bdc06f
      id-6bffa26862a54464b2b248ebe318aaf2
      id-a58d8d21613f45cbb4624cd17ba7a020
      id-a9a69e2bb4b049dd98a7b5c9ff6f14ae
      id-c6d3e60758a9458999a60602f3a3b93e
      id-d0181862971f480fa8be0970994b539d

  BusinessInteraction
    Trigger match : NOT CONFIGURED
    Found in:
      02-artifacts\00-xml\03-child\00-archimatechild\Importer.xml
    Identifiers (1):
      id-367eb34e44b8433e99311703cdf2575c

  BusinessInterface
    Trigger match : NOT CONFIGURED
    Found in:
      02-artifacts\00-xml\03-child\00-archimatechild\Architecture.xml
      02-artifacts\00-xml\03-child\00-archimatechild\Importer.xml
      02-artifacts\00-xml\03-child\00-archimatechild\MUNI EA Modell.xml
      02-artifacts\00-xml\03-child\00-archimatechild\R+Muni Architecture Modell.xml
    Identifiers (5):
      id-3e7289a052c94b5d88d08a7e659241d3
      id-5dc55f30f09e4374bfe9272f8d296b86
      id-679267bc304a4ae9a219d825b129fd93
      id-adc51032027f4b78a5290431c525a11b
      id-fba788f076224c86933b5712d75db7c5

  BusinessObject
    Trigger match : NOT CONFIGURED
    Found in:
      02-artifacts\00-xml\03-child\00-archimatechild\Architecture.xml
      02-artifacts\00-xml\03-child\00-archimatechild\Importer.xml
      02-artifacts\00-xml\03-child\00-archimatechild\MUNI EA Modell.xml
      02-artifacts\00-xml\03-child\00-archimatechild\R+Muni Architecture Modell.xml
    Identifiers (6):
      id-1cbdbc8e6f784df3a399105b7dab5a00
      id-2846035edbac4e1eac7b177be2423e6b
      id-3edccef337404c89af0e866344350501
      id-529381f99030453d81330cb99689cb2c
      id-820007ce24d54d45baa6966d0e52c668
      id-db304cccdbbd45169fd50eeb4b7d1e0b

  BusinessProcess
    Trigger match : NOT CONFIGURED
    Found in:
      02-artifacts\00-xml\03-child\00-archimatechild\Architecture.xml
      02-artifacts\00-xml\03-child\00-archimatechild\Importer.xml
      02-artifacts\00-xml\03-child\00-archimatechild\MUNI EA Modell.xml
      02-artifacts\00-xml\03-child\00-archimatechild\MUNI FLOW.xml
      02-artifacts\00-xml\03-child\00-archimatechild\R+Muni Architecture Modell.xml
    Identifiers (17):
      id-0f0b8b3ec7104ab9a902e773a818553f
      id-136c6e495f7944fe9d174e8e99401ca1
      id-1393ce3e12f1498eb06cbefe32f0be91
      id-2bc8d13549934e39bf40ae06c96980e8
      id-3431625e8daa424b9f089c21d4ea6049
      id-394ce819ab194ca09c10b6671ea3a587
      id-486ae814a4cf4dde90c3a130c6441454
      id-5b10384809f94f15a0bc399b68f7cdf6
      id-5e398e49cb0a4fbd889849a7e7c272c6
      id-6132cbb6e22143e3a4a8f1e18ae8aabc
      ... (+7 more)

  BusinessRole
    Trigger match : NOT CONFIGURED
    Found in:
      02-artifacts\00-xml\03-child\00-archimatechild\Architecture.xml
      02-artifacts\00-xml\03-child\00-archimatechild\Importer.xml
      02-artifacts\00-xml\03-child\00-archimatechild\MUNI EA Modell.xml
      02-artifacts\00-xml\03-child\00-archimatechild\R+Muni Architecture Modell.xml
    Identifiers (4):
      id-07de8542053d4739b7fa1a98bbe59798
      id-866783f5689b4893a8f70b6350ce0c2e
      id-c473242dc2f74cde98b1859322c96e69
      id-f116ad32a5f94363be4fa5093fba5e13

  BusinessService
    Trigger match : NOT CONFIGURED
    Found in:
      02-artifacts\00-xml\03-child\00-archimatechild\Architecture.xml
      02-artifacts\00-xml\03-child\00-archimatechild\Importer.xml
      02-artifacts\00-xml\03-child\00-archimatechild\MUNI EA Modell.xml
      02-artifacts\00-xml\03-child\00-archimatechild\R+Muni Architecture Modell.xml
    Identifiers (6):
      id-0b7a5ed5e5204f918fe105b956a4c660
      id-4ef15ecc93914e9480ca060b037a7861
      id-6ac1e83e5f504bab855953587a815128
      id-9e4de93916b4425e839bc45e68d8edd5
      id-ae45ebc72b884142adb642ba4fd338a5
      id-af9fcf6cc64a49528dbf268d944f5747

  Capability
    Trigger match : NOT CONFIGURED
    Found in:
      02-artifacts\00-xml\03-child\00-archimatechild\Architecture.xml
      02-artifacts\00-xml\03-child\00-archimatechild\Importer.xml
      02-artifacts\00-xml\03-child\00-archimatechild\MUNI EA Modell.xml
      02-artifacts\00-xml\03-child\00-archimatechild\R+Muni Architecture Modell.xml
    Identifiers (5):
      id-2409c8327b9048cd800ad824e9b69e74
      id-36208904226a410cbfd08f8c171ea497
      id-977695ea242249bdb2b04041b936b8fc
      id-d2c06c8e7f184d0a87bae234afd35bb8
      id-db64f171f9114c8da5d2086ca4416e83

  CommunicationNetwork
    Trigger match : NOT CONFIGURED
    Found in:
      02-artifacts\00-xml\03-child\00-archimatechild\Architecture.xml
      02-artifacts\00-xml\03-child\00-archimatechild\Importer.xml
      02-artifacts\00-xml\03-child\00-archimatechild\MUNI EA Modell.xml
      02-artifacts\00-xml\03-child\00-archimatechild\R+Muni Architecture Modell.xml
    Identifiers (2):
      id-8c7d81f165824a259ad1810b6de8aef8
      id-fcd6f81b946849c29a891e1e26fdafbb

  Constraint
    Trigger match : NOT CONFIGURED
    Found in:
      02-artifacts\00-xml\03-child\00-archimatechild\Importer.xml
    Identifiers (1):
      id-c56fb3a8b9674ea0a0c12b12269a730d

  Contract
    Trigger match : NOT CONFIGURED
    Found in:
      02-artifacts\00-xml\03-child\00-archimatechild\Importer.xml
    Identifiers (1):
      id-fe5f7953571846f7bc783a5f49e531de

  CourseOfAction
    Trigger match : NOT CONFIGURED
    Found in:
      02-artifacts\00-xml\03-child\00-archimatechild\Architecture.xml
      02-artifacts\00-xml\03-child\00-archimatechild\Importer.xml
      02-artifacts\00-xml\03-child\00-archimatechild\MUNI EA Modell.xml
      02-artifacts\00-xml\03-child\00-archimatechild\R+Muni Architecture Modell.xml
    Identifiers (2):
      id-0071a9b8fbcd467dba90cc5d7f82bcca
      id-f25940021ed2491e882cbfc90aab9c0f

  DataObject
    Trigger match : NOT CONFIGURED
    Found in:
      02-artifacts\00-xml\03-child\00-archimatechild\Architecture.xml
      02-artifacts\00-xml\03-child\00-archimatechild\Importer.xml
      02-artifacts\00-xml\03-child\00-archimatechild\MUNI EA Modell.xml
      02-artifacts\00-xml\03-child\00-archimatechild\R+Muni Architecture Modell.xml
    Identifiers (13):
      id-09f50620d3b840568670d86b175bad08
      id-0d2616a6f51b4263867f2d42d6176276
      id-508d8fb39ffa4a62bd09d5abab1f79bd
      id-55bf18ce80c64078a01cd08d1249ce34
      id-5e8a5cc38c3341a1b92b5c6588d11027
      id-a5a178d05fd94bd9ba6a199ddd6a6e21
      id-afb6eefbbd0548699e65384387b61759
      id-bc0b10d6225147619307d89e11def2b4
      id-c8932c5151004bfc922645f8327d0b26
      id-ddc5d5f706b24d0482ae3f7e504c8638
      ... (+3 more)

  Deliverable
    Trigger match : NOT CONFIGURED
    Found in:
      02-artifacts\00-xml\03-child\00-archimatechild\Importer.xml
    Identifiers (1):
      id-fe1222d5dfae4040b30c7f2cd69241a6

  Device
    Trigger match : NOT CONFIGURED
    Found in:
      02-artifacts\00-xml\03-child\00-archimatechild\Architecture.xml
      02-artifacts\00-xml\03-child\00-archimatechild\Importer.xml
      02-artifacts\00-xml\03-child\00-archimatechild\MUNI EA Modell.xml
      02-artifacts\00-xml\03-child\00-archimatechild\R+Muni Architecture Modell.xml
    Identifiers (2):
      id-330b8be07ec340f7ad5f737cdb2baaef
      id-3d958e41125243eea03989eac6cb7e3a

  DistributionNetwork
    Trigger match : NOT CONFIGURED
    Found in:
      02-artifacts\00-xml\03-child\00-archimatechild\Importer.xml
    Identifiers (1):
      id-7cfbf9bcef7e41a29763c0233dd24fd6

  Driver
    Trigger match : NOT CONFIGURED
    Found in:
      02-artifacts\00-xml\03-child\00-archimatechild\Architecture.xml
      02-artifacts\00-xml\03-child\00-archimatechild\Importer.xml
      02-artifacts\00-xml\03-child\00-archimatechild\MUNI EA Modell.xml
      02-artifacts\00-xml\03-child\00-archimatechild\R+Muni Architecture Modell.xml
    Identifiers (4):
      id-4efa44dd2e3d44a69f0945d0f16c195a
      id-5f48baf405e2434c8562e4be579f0816
      id-62572abe71654242809b67339965a5d3
      id-9f87b3f035bc49ef981b4e32b4936ad6

  Equipment
    Trigger match : NOT CONFIGURED
    Found in:
      02-artifacts\00-xml\03-child\00-archimatechild\Importer.xml
    Identifiers (2):
      id-04a6556144ff45408dedeaa75a320eea
      id-53b1fb1d650644e8a3cc04143c5e84b2

  Facility
    Trigger match : NOT CONFIGURED
    Found in:
      02-artifacts\00-xml\03-child\00-archimatechild\Importer.xml
    Identifiers (1):
      id-4f8cc30026af478ebd6bfb004ac45622

  Gap
    Trigger match : NOT CONFIGURED
    Found in:
      02-artifacts\00-xml\03-child\00-archimatechild\Importer.xml
    Identifiers (1):
      id-186528d117834af19c147b88228fc7fa

  Goal
    Trigger match : NOT CONFIGURED
    Found in:
      02-artifacts\00-xml\03-child\00-archimatechild\Architecture.xml
      02-artifacts\00-xml\03-child\00-archimatechild\Importer.xml
      02-artifacts\00-xml\03-child\00-archimatechild\MUNI EA Modell.xml
      02-artifacts\00-xml\03-child\00-archimatechild\R+Muni Architecture Modell.xml
    Identifiers (2):
      id-12679af793a742f0b3e5a6c196ca207d
      id-bf0eaa63390e457aba14cd7ac6679751

  Grouping
    Trigger match : NOT CONFIGURED
    Found in:
      02-artifacts\00-xml\03-child\00-archimatechild\Importer.xml
    Identifiers (1):
      id-945a5b5add6d4933ad8eb06d7a559aec

  ImplementationEvent
    Trigger match : NOT CONFIGURED
    Found in:
      02-artifacts\00-xml\03-child\00-archimatechild\Importer.xml
    Identifiers (1):
      id-3f2ba834407a4cb8ae6d074faa8fde4b

  Location
    Trigger match : NOT CONFIGURED
    Found in:
      02-artifacts\00-xml\03-child\00-archimatechild\Importer.xml
    Identifiers (1):
      id-ea1e4599aae14136aa780af634b8f01b

  Material
    Trigger match : NOT CONFIGURED
    Found in:
      02-artifacts\00-xml\03-child\00-archimatechild\Architecture.xml
      02-artifacts\00-xml\03-child\00-archimatechild\Importer.xml
      02-artifacts\00-xml\03-child\00-archimatechild\MUNI EA Modell.xml
      02-artifacts\00-xml\03-child\00-archimatechild\R+Muni Architecture Modell.xml
    Identifiers (5):
      id-360a083ec5544500bf2c5f0c8d744d77
      id-3d4fcfb5aad74f028f45d48cdc62d158
      id-724e6e7411f34c388c44f9c9f56ad865
      id-968c0fdb37f24c048fab4bd3fc03d3a7
      id-aa2eedbc654f4636a73a14f3286649a4

  Meaning
    Trigger match : NOT CONFIGURED
    Found in:
      02-artifacts\00-xml\03-child\00-archimatechild\Architecture.xml
      02-artifacts\00-xml\03-child\00-archimatechild\Importer.xml
      02-artifacts\00-xml\03-child\00-archimatechild\MUNI EA Modell.xml
      02-artifacts\00-xml\03-child\00-archimatechild\R+Muni Architecture Modell.xml
    Identifiers (4):
      id-1feb6dd351ce421c8cec6c3fee8c0f45
      id-5806af86e54f4bddadc9d002bb6e30f0
      id-9ff43e5a370e455cb948774923a7aaa9
      id-a9c6b3622b6d4b55b8fbd0106eb6dfbb

  Node
    Trigger match : NOT CONFIGURED
    Found in:
      02-artifacts\00-xml\03-child\00-archimatechild\Architecture.xml
      02-artifacts\00-xml\03-child\00-archimatechild\Importer.xml
      02-artifacts\00-xml\03-child\00-archimatechild\MUNI EA Modell.xml
      02-artifacts\00-xml\03-child\00-archimatechild\R+Muni Architecture Modell.xml
    Identifiers (2):
      id-27cbc4e7ef1a440c8b41b23173c1c9b4
      id-6b0d235775a645478a85fb1cade0ade2

  Outcome
    Trigger match : NOT CONFIGURED
    Found in:
      02-artifacts\00-xml\03-child\00-archimatechild\Architecture.xml
      02-artifacts\00-xml\03-child\00-archimatechild\Importer.xml
      02-artifacts\00-xml\03-child\00-archimatechild\MUNI EA Modell.xml
      02-artifacts\00-xml\03-child\00-archimatechild\R+Muni Architecture Modell.xml
    Identifiers (2):
      id-07aa42f89e8d404aa027971535a68236
      id-80f094f2bf1649a78ecede3d007a2c12

  Path
    Trigger match : NOT CONFIGURED
    Found in:
      02-artifacts\00-xml\03-child\00-archimatechild\Importer.xml
    Identifiers (1):
      id-0b2a477169694ff1abd64ee3389d46ff

  Plateau
    Trigger match : NOT CONFIGURED
    Found in:
      02-artifacts\00-xml\03-child\00-archimatechild\Importer.xml
    Identifiers (1):
      id-8f5c2e1c5b2a48809173d40c8227192d

  Principle
    Trigger match : NOT CONFIGURED
    Found in:
      02-artifacts\00-xml\03-child\00-archimatechild\Architecture.xml
      02-artifacts\00-xml\03-child\00-archimatechild\Importer.xml
      02-artifacts\00-xml\03-child\00-archimatechild\MUNI EA Modell.xml
      02-artifacts\00-xml\03-child\00-archimatechild\R+Muni Architecture Modell.xml
    Identifiers (6):
      id-2a1f094032ac44b982bc88b695a59cec
      id-4638494274ed45d2bb85035173ea3be9
      id-5579e8de5ea74b94b41cd2ff1113d6f8
      id-74363f1797494190ac7e9e2900fda900
      id-b41a83116fe2490387753d442f5303cf
      id-f0f0f9edab974e42a6a0c2bfdfd0c2e0

  Product
    Trigger match : NOT CONFIGURED
    Found in:
      02-artifacts\00-xml\03-child\00-archimatechild\Architecture.xml
      02-artifacts\00-xml\03-child\00-archimatechild\Importer.xml
      02-artifacts\00-xml\03-child\00-archimatechild\MUNI EA Modell.xml
      02-artifacts\00-xml\03-child\00-archimatechild\R+Muni Architecture Modell.xml
    Identifiers (2):
      id-01eb201c03bb4d7c9844a47cfef98e15
      id-12566422b8cb4d449c05ecd46cd0d963

  Representation
    Trigger match : NOT CONFIGURED
    Found in:
      02-artifacts\00-xml\03-child\00-archimatechild\Importer.xml
    Identifiers (1):
      id-f65aa1f0786b4121b92fa37e2effb6b3

  Requirement
    Trigger match : NOT CONFIGURED
    Found in:
      02-artifacts\00-xml\03-child\00-archimatechild\Architecture.xml
      02-artifacts\00-xml\03-child\00-archimatechild\Importer.xml
      02-artifacts\00-xml\03-child\00-archimatechild\MUNI EA Modell.xml
      02-artifacts\00-xml\03-child\00-archimatechild\R+Muni Architecture Modell.xml
    Identifiers (7):
      id-0a367492b3df434f9737a64bdae55abd
      id-1491dfae821245a6bf252270ce1b1d26
      id-16a08948c74f418ea2d1093df569b12c
      id-2e8003103e65443fa5bdb50a9142d97a
      id-4eda9886e61e43adbe284fbe6679ee1a
      id-c50b64cab06049b9b724ce5d4ae94c89
      id-d1d04a2ed3a54f7bb7bf81e7ccae4d75

  Resource
    Trigger match : NOT CONFIGURED
    Found in:
      02-artifacts\00-xml\03-child\00-archimatechild\Architecture.xml
      02-artifacts\00-xml\03-child\00-archimatechild\Importer.xml
      02-artifacts\00-xml\03-child\00-archimatechild\MUNI EA Modell.xml
      02-artifacts\00-xml\03-child\00-archimatechild\R+Muni Architecture Modell.xml
    Identifiers (3):
      id-081d94ae4980441e9b29dcc553b77aa0
      id-54664babd48f4913b0f6510db8755dd3
      id-6a2333e59af14a0fafb3acb889a9cd39

  Stakeholder
    Trigger match : NOT CONFIGURED
    Found in:
      02-artifacts\00-xml\03-child\00-archimatechild\Architecture.xml
      02-artifacts\00-xml\03-child\00-archimatechild\Importer.xml
      02-artifacts\00-xml\03-child\00-archimatechild\MUNI EA Modell.xml
      02-artifacts\00-xml\03-child\00-archimatechild\R+Muni Architecture Modell.xml
    Identifiers (2):
      id-35a102086aab4a5098481707177ebaf6
      id-fd13e2b9f29b45fbb76e296ff3d2c442

  SystemSoftware
    Trigger match : NOT CONFIGURED
    Found in:
      02-artifacts\00-xml\03-child\00-archimatechild\Architecture.xml
      02-artifacts\00-xml\03-child\00-archimatechild\Importer.xml
      02-artifacts\00-xml\03-child\00-archimatechild\MUNI EA Modell.xml
      02-artifacts\00-xml\03-child\00-archimatechild\R+Muni Architecture Modell.xml
    Identifiers (4):
      id-26ef9465c2b34a1186baeb41ef79f144
      id-5f5e6a2f8b2b4f05b93a6d4b150bbb7c
      id-7c959626b8a148edbaaa9cac7eeeabfd
      id-fef534a4d5c942f98317090b2e993928

  TechnologyCollaboration
    Trigger match : NOT CONFIGURED
    Found in:
      02-artifacts\00-xml\03-child\00-archimatechild\Importer.xml
    Identifiers (1):
      id-178b7cfc299041699cf0ce3ae45c211d

  TechnologyEvent
    Trigger match : NOT CONFIGURED
    Found in:
      02-artifacts\00-xml\03-child\00-archimatechild\Importer.xml
    Identifiers (1):
      id-a78d4e3b3d554a9ebe48d1e48f10951a

  TechnologyFunction
    Trigger match : NOT CONFIGURED
    Found in:
      02-artifacts\00-xml\03-child\00-archimatechild\Architecture.xml
      02-artifacts\00-xml\03-child\00-archimatechild\Importer.xml
      02-artifacts\00-xml\03-child\00-archimatechild\MUNI EA Modell.xml
      02-artifacts\00-xml\03-child\00-archimatechild\MUNI FLOW.xml
      02-artifacts\00-xml\03-child\00-archimatechild\R+Muni Architecture Modell.xml
    Identifiers (4):
      id-8afbbd03b18345aab637c301ad02fdfc
      id-9ce20ff439cd418cbbeee297c1801627
      id-9f1d90d506484706b90555fe3ee7d6e2
      id-c0889d4beb7e44f39c958afece722642

  TechnologyInteraction
    Trigger match : NOT CONFIGURED
    Found in:
      02-artifacts\00-xml\03-child\00-archimatechild\Importer.xml
    Identifiers (1):
      id-801ec37aaab442baadef2b6f9afe9705

  TechnologyInterface
    Trigger match : NOT CONFIGURED
    Found in:
      02-artifacts\00-xml\03-child\00-archimatechild\Architecture.xml
      02-artifacts\00-xml\03-child\00-archimatechild\Importer.xml
      02-artifacts\00-xml\03-child\00-archimatechild\MUNI EA Modell.xml
      02-artifacts\00-xml\03-child\00-archimatechild\R+Muni Architecture Modell.xml
    Identifiers (3):
      id-a0fb68244ac643c1bf4759a5c77e709e
      id-b2283085c7bc4b2da7e0e3984790f188
      id-ed8f8865476746788b8cbbfdbda7a643

  TechnologyProcess
    Trigger match : NOT CONFIGURED
    Found in:
      02-artifacts\00-xml\03-child\00-archimatechild\Importer.xml
    Identifiers (1):
      id-9350e08633b942f586d70cb93ae32c84

  TechnologyService
    Trigger match : NOT CONFIGURED
    Found in:
      02-artifacts\00-xml\03-child\00-archimatechild\Importer.xml
    Identifiers (1):
      id-1037f2c819fc4cec870f30a3366777c4

  Value
    Trigger match : NOT CONFIGURED
    Found in:
      02-artifacts\00-xml\03-child\00-archimatechild\Architecture.xml
      02-artifacts\00-xml\03-child\00-archimatechild\Importer.xml
      02-artifacts\00-xml\03-child\00-archimatechild\MUNI EA Modell.xml
      02-artifacts\00-xml\03-child\00-archimatechild\R+Muni Architecture Modell.xml
    Identifiers (2):
      id-d081574e000b43f8ad4ca8f558d3d7a7
      id-fa09164a4758456895d442486aff62ea

  ValueStream
    Trigger match : NOT CONFIGURED
    Found in:
      02-artifacts\00-xml\03-child\00-archimatechild\Architecture.xml
      02-artifacts\00-xml\03-child\00-archimatechild\Importer.xml
      02-artifacts\00-xml\03-child\00-archimatechild\MUNI EA Modell.xml
      02-artifacts\00-xml\03-child\00-archimatechild\R+Muni Architecture Modell.xml
    Identifiers (7):
      id-2ef9b591145c4d6594e322bfd4b4d9c1
      id-6e36fdfb918c4240acbee5fcf51faf94
      id-8a10df0fa5b44208837ef52dc9df94c0
      id-9df74ba77e634bf19e046fbcdedeaf98
      id-b3b2b665e3dd4de7b72353031c0228be
      id-d0481fda2c9347638cd7f163f57ae765
      id-ee2df5d1790f4035914f33468504ddb6

  WorkPackage
    Trigger match : section=[archi_workpackage] order=10 dispatch_key=property:Type
    Found in:
      02-artifacts\00-xml\03-child\00-archimatechild\Architecture.xml
      02-artifacts\00-xml\03-child\00-archimatechild\Importer.xml
      02-artifacts\00-xml\03-child\00-archimatechild\R+Muni Architecture Modell.xml
    Identifiers (2):
      id-06dfe8abed464e21b8ba652a4c432a33
      id-bbcc8e9085c14f17818bd61081881d05

============================================================
BPMN – element_tag (3 unique)
============================================================

  endEvent
    Trigger match : NOT CONFIGURED
    Found in:
      02-artifacts\00-xml\03-child\01-bpmnchild\BPU01-CSV 2 CSV.bpmn

  serviceTask
    Trigger match : section=[bpmn_servicetask] order=20 dispatch_key=attr:id
    Found in:
      02-artifacts\00-xml\03-child\01-bpmnchild\BPU01-CSV 2 CSV.bpmn

  startEvent
    Trigger match : NOT CONFIGURED
    Found in:
      02-artifacts\00-xml\03-child\01-bpmnchild\BPU01-CSV 2 CSV.bpmn

