FLW02-map_elements - Detail Log
Run: 2026-03-07 09:53:16
============================================================

Gescannte Dateien  : 6
Elemente gesamt    : 839
Davon Trigger:Ja   : 5
Warnungen          : 0

Gescannte Dateien:
  02-artifacts\00-xml\03-child\00-archimatechild\Architecture.xml
  02-artifacts\00-xml\03-child\00-archimatechild\Importer.xml
  02-artifacts\00-xml\03-child\00-archimatechild\MUNI EA Modell.xml
  02-artifacts\00-xml\03-child\00-archimatechild\MUNI FLOW.xml
  02-artifacts\00-xml\03-child\00-archimatechild\R+Muni Architecture Modell.xml
  02-artifacts\00-xml\03-child\01-bpmnchild\BPU01-CSV 2 CSV.bpmn

============================================================
ALLE ELEMENTE - nach Datei
============================================================

Datei: 02-artifacts\00-xml\03-child\00-archimatechild\Architecture.xml
  [kein Trigger] id-081d94ae4980441e9b29dcc553b77aa0
    Name  : RES00-Eigenmittel
    Typ   : Resource

  [kein Trigger] id-6a2333e59af14a0fafb3acb889a9cd39
    Name  : RES01-Gaming Hardware
    Typ   : Resource

  [kein Trigger] id-2409c8327b9048cd800ad824e9b69e74
    Name  : CAP03-Projektmanagemen
    Typ   : Capability

  [kein Trigger] id-36208904226a410cbfd08f8c171ea497
    Name  : CAP02-Modell Know How
    Typ   : Capability

  [kein Trigger] id-d2c06c8e7f184d0a87bae234afd35bb8
    Name  : CAP00-IT Infrastruktur Know How
    Typ   : Capability

  [kein Trigger] id-977695ea242249bdb2b04041b936b8fc
    Name  : CAP01-Modellierungs Know How
    Typ   : Capability

  [kein Trigger] id-6e36fdfb918c4240acbee5fcf51faf94
    Name  : VAS04-R+MUNI
    Typ   : ValueStream

  [kein Trigger] id-9df74ba77e634bf19e046fbcdedeaf98
    Name  : VAS00-Enabling
    Typ   : ValueStream

  [kein Trigger] id-d0481fda2c9347638cd7f163f57ae765
    Name  : VAS02-Individualisierungen
    Typ   : ValueStream

  [kein Trigger] id-ee2df5d1790f4035914f33468504ddb6
    Name  : VAS05-Unterstützungsleistungen
    Typ   : ValueStream

  [kein Trigger] id-b3b2b665e3dd4de7b72353031c0228be
    Name  : VAS01-Feature Upgrades
    Typ   : ValueStream

  [kein Trigger] id-f25940021ed2491e882cbfc90aab9c0f
    Name  : COA00-R+MUNI 1.0 Internal Release
    Typ   : CourseOfAction

  [kein Trigger] id-2ef9b591145c4d6594e322bfd4b4d9c1
    Name  : VAS03-Klarheit über Fragestellungen
    Typ   : ValueStream

  [kein Trigger] id-32a504ae21274b1ba2809f15c3f99ca2
    Name  : BUA00-R+MUNI Dude (ME)
    Typ   : BusinessActor

  [kein Trigger] id-07de8542053d4739b7fa1a98bbe59798
    Name  : BUR01-Entwickler
    Typ   : BusinessRole

  [kein Trigger] id-866783f5689b4893a8f70b6350ce0c2e
    Name  : BUR02-Modellierer
    Typ   : BusinessRole

  [kein Trigger] id-f116ad32a5f94363be4fa5093fba5e13
    Name  : BUR00-Consultant
    Typ   : BusinessRole

  [kein Trigger] id-6ac1e83e5f504bab855953587a815128
    Name  : BUS03-PreSales Consultant Service
    Typ   : BusinessService

  [kein Trigger] id-ae45ebc72b884142adb642ba4fd338a5
    Name  : BUS00-First Time Setup
    Typ   : BusinessService

  [kein Trigger] id-af9fcf6cc64a49528dbf268d944f5747
    Name  : BUS04-Visuelle Diagramm Service
    Typ   : BusinessService

  [kein Trigger] id-4ef15ecc93914e9480ca060b037a7861
    Name  : BUS02-MUNI Schulungs Service
    Typ   : BusinessService

  [kein Trigger] id-394ce819ab194ca09c10b6671ea3a587
    Name  : BUP04-R+MUNI entwickeln
    Typ   : BusinessProcess

  [kein Trigger] id-5b10384809f94f15a0bc399b68f7cdf6
    Name  : BUP07-Visuelle Modelle erstellen
    Typ   : BusinessProcess

  [kein Trigger] id-6d76f68d89d44f9491a836e9e993d2d7
    Name  : BUP01-Lösung für Anforderung erarbeiten
    Typ   : BusinessProcess

  [kein Trigger] id-6132cbb6e22143e3a4a8f1e18ae8aabc
    Name  : BUP02-Lösung präsentieren
    Typ   : BusinessProcess

  [kein Trigger] id-bfe411b764cb4400aa04321e5da21131
    Name  : BUP06-Schulung durchführen
    Typ   : BusinessProcess

  [kein Trigger] id-486ae814a4cf4dde90c3a130c6441454
    Name  : BUP05-R+MUNI installieren
    Typ   : BusinessProcess

  [kein Trigger] id-ec42131fce17464ababb7bedfe11f468
    Name  : BUP03-R+MUNI anpassen
    Typ   : BusinessProcess

  [kein Trigger] id-0b7a5ed5e5204f918fe105b956a4c660
    Name  : BUS01-Individual Anpassungen
    Typ   : BusinessService

  [kein Trigger] id-2846035edbac4e1eac7b177be2423e6b
    Name  : BUO04-Visuelle Darstellung
    Typ   : BusinessObject

  [kein Trigger] id-db304cccdbbd45169fd50eeb4b7d1e0b
    Name  : BUO02-Referenzdoku
    Typ   : BusinessObject

  [kein Trigger] id-01eb201c03bb4d7c9844a47cfef98e15
    Name  : PRO00-R+MUNI
    Typ   : Product

  [kein Trigger] id-1cbdbc8e6f784df3a399105b7dab5a00
    Name  : BUO00-FLOW
    Typ   : BusinessObject

  [kein Trigger] id-5dc55f30f09e4374bfe9272f8d296b86
    Name  : BUI00-Archimate Tool GUI
    Typ   : BusinessInterface

  [kein Trigger] id-fba788f076224c86933b5712d75db7c5
    Name  : BUI02-BPMN 2.0 Tool GUI
    Typ   : BusinessInterface

  [kein Trigger] id-0f0b8b3ec7104ab9a902e773a818553f
    Name  : BUP00-3rd Party Import
    Typ   : BusinessProcess

  [kein Trigger] id-d0181862971f480fa8be0970994b539d
    Name  : BUF00-3rd Party Importer
    Typ   : BusinessFunction

  [kein Trigger] id-a9a69e2bb4b049dd98a7b5c9ff6f14ae
    Name  : BUF05-Prozess Modellierer
    Typ   : BusinessFunction

  [kein Trigger] id-c6d3e60758a9458999a60602f3a3b93e
    Name  : BUF01-Architektur & Business Modellierer
    Typ   : BusinessFunction

  [kein Trigger] id-1728306f843245c28cdf4c03f931735c
    Name  : BUF02-HTML Report erstellen
    Typ   : BusinessFunction

  [kein Trigger] id-6bffa26862a54464b2b248ebe318aaf2
    Name  : BUF03-Image Export
    Typ   : BusinessFunction

  [kein Trigger] id-515413fa45a343748eed2ef0e5bdc06f
    Name  : BUF04-Prozess Automation light
    Typ   : BusinessFunction

  [kein Trigger] id-679267bc304a4ae9a219d825b129fd93
    Name  : BUI01-Editor GUI
    Typ   : BusinessInterface

  [kein Trigger] id-3e7289a052c94b5d88d08a7e659241d3
    Name  : BUI03-HTML Web GUI
    Typ   : BusinessInterface

  [kein Trigger] id-820007ce24d54d45baa6966d0e52c668
    Name  : BUO01-HTML Report
    Typ   : BusinessObject

  [kein Trigger] id-529381f99030453d81330cb99689cb2c
    Name  : BUO03-Referenzmodelle
    Typ   : BusinessObject

  [kein Trigger] id-254704aef3534da5b3863619168df04b
    Name  : BUF06-Selbsthilfe
    Typ   : BusinessFunction

  [kein Trigger] id-7ebdb2a2d877437b8d3b8945b31aff5e
    Name  : APC00-Archi 5.8
    Typ   : ApplicationComponent

  [kein Trigger] id-09378af6e4e54c2bb56f37b056b411d0
    Name  : API00-Archi Gui
    Typ   : ApplicationInterface

  [kein Trigger] id-c6a30b40e8e04dfeb8c9ae3b58ae9d0f
    Name  : APF05-CSV Export
    Typ   : ApplicationFunction

  [kein Trigger] id-47eece96f6ef4f8c887079832c9c8d32
    Name  : APF00-Archmiate Modellierung
    Typ   : ApplicationFunction

  [kein Trigger] id-04d63fc625ef46dd99d301c9d647a626
    Name  : APF06-CSV Import
    Typ   : ApplicationFunction

  [kein Trigger] id-8f6f20af5c0149b5aaf5f395b705cddf
    Name  : APF16-Open Exchange Format Export
    Typ   : ApplicationFunction

  [kein Trigger] id-31b2b9431eb741fe845bf7420bcb36b4
    Name  : APF15-Open Exchange Format Import
    Typ   : ApplicationFunction

  [kein Trigger] id-e8080291c32346dcb551767309760561
    Name  : APF09-EXCEL Export
    Typ   : ApplicationFunction

  [kein Trigger] id-ddc5d5f706b24d0482ae3f7e504c8638
    Name  : DAO02-Archi CSV Stack
    Typ   : DataObject

  [kein Trigger] id-bc0b10d6225147619307d89e11def2b4
    Name  : DAO04-Archi XML Stack
    Typ   : DataObject

  [kein Trigger] id-a5a178d05fd94bd9ba6a199ddd6a6e21
    Name  : DOA12-Main Archi <modellname>
    Typ   : DataObject

  [kein Trigger] id-508d8fb39ffa4a62bd09d5abab1f79bd
    Name  : DAO07-Sub Archi <modellname>
    Typ   : DataObject

  [kein Trigger] id-e7247550ca144a27a94f66268ab718ff
    Name  : DAO03-Archi <modellname>.xlsx
    Typ   : DataObject

  [kein Trigger] id-8e3e68f7c3b54c6d996c1c65cd4d3eab
    Name  : APC01-Camunda Modeler
    Typ   : ApplicationComponent

  [kein Trigger] id-f40225e3f9504ddfa56eb22b95fc3ce9
    Name  : APF01-BPMN 2.0 Modellierung
    Typ   : ApplicationFunction

  [kein Trigger] id-afb6eefbbd0548699e65384387b61759
    Name  : DAO05-BPMN<Prozessname>.bpmn
    Typ   : DataObject

  [kein Trigger] id-c3eb6d0e5d344ee788f5eb1a41b1a95e
    Name  : APF03-Camunda 7 Modelle
    Typ   : ApplicationFunction

  [kein Trigger] id-01ab2c652ce64460b1b4e2932e725a6e
    Name  : APF04-Camunda 8 Modelle
    Typ   : ApplicationFunction

  [kein Trigger] id-df247b5f9ebb4d768ec0d00b795e3502
    Name  : APC03-FLOW Routine
    Typ   : ApplicationComponent

  [kein Trigger] id-48a16234b4e4448cb38d7d66c3ae8f87
    Name  : APF14-Prozessautomatisierung light
    Typ   : ApplicationFunction

  [kein Trigger] id-5e8a5cc38c3341a1b92b5c6588d11027
    Name  : DAO08-FLOW
    Typ   : DataObject

  [kein Trigger] id-2aaf978df8a5498288322fc2dc707c09
    Name  : ACO00-R+MUNI
    Typ   : ApplicationCollaboration

  [kein Trigger] id-1e951c3ecb254860b2a829c8ca2895c3
    Name  : APC02-Crome Browser
    Typ   : ApplicationComponent

  [kein Trigger] id-a3a7ba26228142be94e11c8099b1f549
    Name  : APF02-Brower Funktion
    Typ   : ApplicationFunction

  [kein Trigger] id-55bf18ce80c64078a01cd08d1249ce34
    Name  : DAO10-Guidelines
    Typ   : DataObject

  [kein Trigger] id-da9bf2a418c3489e8a3ad16632c02566
    Name  : APF12-Reader Funkion
    Typ   : ApplicationFunction

  [kein Trigger] id-f0c53e2b0d4c45f78453cfe7ea090c5e
    Name  : APC04-Notepad ++
    Typ   : ApplicationComponent

  [kein Trigger] id-ffd948a082514d22a9efa9f9c576d4b3
    Name  : DAO09-Scripts
    Typ   : DataObject

  [kein Trigger] id-f65114adf355489496223cedcc6ab65b
    Name  : DOA11-R+MUNI Info Files
    Typ   : DataObject

  [kein Trigger] id-1b2321b1993f432d867aab233c737a41
    Name  : API01-Camunda Modeler GUI
    Typ   : ApplicationInterface

  [kein Trigger] id-7351980e1fd84ab1b1cef85e7f32a470
    Name  : API03-FLOW
    Typ   : ApplicationInterface

  [kein Trigger] id-def2bc7d7c89434f96b6ebb74efdaa19
    Name  : API04-Notepad++ GUI
    Typ   : ApplicationInterface

  [kein Trigger] id-39f6158dcef44d1bbc05659f4ba42766
    Name  : API02-Crome GUI
    Typ   : ApplicationInterface

  [kein Trigger] id-94f52e6fd1f644e7938c274d6da9f223
    Name  : APF08-Editor
    Typ   : ApplicationFunction

  [kein Trigger] id-c30bd7d49b334338b26168831305c559
    Name  : APF10-Selbsthilfeanleitung
    Typ   : ApplicationFunction

  [kein Trigger] id-addcef0ebfe342a69591631d2e052ae1
    Name  : APF07-EA Image Export
    Typ   : ApplicationFunction

  [kein Trigger] id-f1540c55f6c5425fad4108630fe705d0
    Name  : APF13-Prozess Image Export
    Typ   : ApplicationFunction

  [kein Trigger] id-09f50620d3b840568670d86b175bad08
    Name  : DAO06-BPMN<Prozessname>.svg
    Typ   : DataObject

  [kein Trigger] id-0d2616a6f51b4263867f2d42d6176276
    Name  : DAO00-Archi<modellname>.svg
    Typ   : DataObject

  [kein Trigger] id-73f92331be754642b7ec3de3649fa263
    Name  : APF11-Image Export
    Typ   : ApplicationFunction

  [kein Trigger] id-330b8be07ec340f7ad5f737cdb2baaef
    Name  : DEV00-Gaming PC
    Typ   : Device

  [kein Trigger] id-26ef9465c2b34a1186baeb41ef79f144
    Name  : SYS00-Windows 11 Enterprise
    Typ   : SystemSoftware

  [kein Trigger] id-3801d23e5b0742caa1c245f5cc684659
    Name  : <MUNI Installaionspfad>
    Typ   : Artifact

  [kein Trigger] id-67238b8b8bdf4bf087811d222bd6d35e
    Name  : 00-conecpt
    Typ   : Artifact

  [kein Trigger] id-c0889d4beb7e44f39c958afece722642
    Name  : TEF00-Ordnerstruktur und Rechtevergabe
    Typ   : TechnologyFunction

  [kein Trigger] id-df54a4afebb940159e2e167c6bd51590
    Name  : Aktives Modell <modelname>.archimate
    Typ   : Artifact

  [kein Trigger] id-5f5e6a2f8b2b4f05b93a6d4b150bbb7c
    Name  : SYS01-Python 3 run
    Typ   : SystemSoftware

  [kein Trigger] id-7c959626b8a148edbaaa9cac7eeeabfd
    Name  : SYS02-Powershell 7.x
    Typ   : SystemSoftware

  [kein Trigger] id-8afbbd03b18345aab637c301ad02fdfc
    Name  : TEF01-Ausführen von Applikationen
    Typ   : TechnologyFunction

  [kein Trigger] id-fc24f92fe23e4e418f4e2d8d929ad4e8
    Name  : 00-governance
    Typ   : Artifact

  [kein Trigger] id-f1759c4923a14c18a00a280ebc1bd5fb
    Name  : 01-principles
    Typ   : Artifact

  [kein Trigger] id-aa845dc3dd9643c0864ab4fb0a14f2e2
    Name  : 01-model
    Typ   : Artifact

  [kein Trigger] id-e6c44296dec141d09e6e167b76c67dbc
    Name  : 00-archimate
    Typ   : Artifact

  [kein Trigger] id-2432ddd6b6174763a7920664aabba94a
    Name  : 00-archimateactive
    Typ   : Artifact

  [kein Trigger] id-efb9dae04b7248078fca7c50c3990ddb
    Name  : 01-archimateactivesub
    Typ   : Artifact

  [kein Trigger] id-553b577e2b114fcbb065d0ca7906d8de
    Name  : mappingmodel
    Typ   : Artifact

  [kein Trigger] id-b16e703ffbce4aab8ae8f9f2daff15b8
    Name  : Sub Modell <modelname>.archimate
    Typ   : Artifact

  [kein Trigger] id-7cb68d3af8e64fe0bfbd8dd739fc94b2
    Name  : 01-bpmn
    Typ   : Artifact

  [kein Trigger] id-2029f33933f74f3db7ab866b8f818fea
    Name  : 00-bpmnactive
    Typ   : Artifact

  [kein Trigger] id-52b8b9907125440b811d94e566c9f3e5
    Name  : 99-bpmnMUNI
    Typ   : Artifact

  [kein Trigger] id-f90dd38c876e474789b2cf9ef0a3886c
    Name  : 02-xyvision
    Typ   : Artifact

  [kein Trigger] id-703d177e06944d70a768e0e09972010c
    Name  : 02-artifacts
    Typ   : Artifact

  [kein Trigger] id-cf8e8ebe1a684325bbf38566363e7d60
    Name  : 00-xml
    Typ   : Artifact

  [kein Trigger] id-4ff10a8a7da443eaa389772534133e18
    Name  : 00-master
    Typ   : Artifact

  [kein Trigger] id-6ecb132118034bb7893d155b74561da7
    Name  : 01-mapping
    Typ   : Artifact

  [kein Trigger] id-5adf2e1e934f4614b786aeb05587b22e
    Name  : 02-sync
    Typ   : Artifact

  [kein Trigger] id-d669820fdab242a882edb06f096aef40
    Name  : 03-child
    Typ   : Artifact

  [kein Trigger] id-a2d84483c2fc4ed58ba1ece489eb123a
    Name  : 00-archimatechild
    Typ   : Artifact

  [kein Trigger] id-7d00cf3f122b4354bbb1c365380a673d
    Name  : 01-bpmnchild
    Typ   : Artifact

  [kein Trigger] id-09988db47e204da982c24f8f7ee3ddbe
    Name  : 01-scripts
    Typ   : Artifact

  [kein Trigger] id-ae0e2f9a2f4e46a28c6ca18d18935123
    Name  : CSV00-validate_environment.py
    Typ   : Artifact

  [kein Trigger] id-3e3d4e768b0246649ef0b175e7aa197b
    Name  : CSV01-validate_model.py
    Typ   : Artifact

  [kein Trigger] id-bfafc5e517ad4a21827af94f34798d37
    Name  : CSV02-leer.py
    Typ   : Artifact

  [kein Trigger] id-11fa562d8b694b6485d113ff1110ddc7
    Name  : CSV03-resolve_run_scope.py
    Typ   : Artifact

  [kein Trigger] id-e717aa4d050d43c2a29b8b0c10952185
    Name  : CSV04-model-overview.py
    Typ   : Artifact

  [kein Trigger] id-6aefe34537be438b82774c5552a470b4
    Name  : CSV05-create_master_csvs.py
    Typ   : Artifact

  [kein Trigger] id-b2e07ba73c564d048c442eb768591a14
    Name  : CSV06-append_child_to_master.py
    Typ   : Artifact

  [kein Trigger] id-3557941f7afc47e7883eccc6583c752b
    Name  : CSV07-xlsx_2_csv.py
    Typ   : Artifact

  [kein Trigger] id-25c68fcab8104cc3b5e4b9c2732c4ff5
    Name  : CSV08-properties2csv.py
    Typ   : Artifact

  [kein Trigger] id-bad158ba97ab468e8efce12418304f8b
    Name  : CSV09-masterxml2csv.py
    Typ   : Artifact

  [kein Trigger] id-d61d05f588e04f9d97bfeccd1706a0b8
    Name  : CSV99-export_snapshot.py
    Typ   : Artifact

  [kein Trigger] id-86384c38b4124983adac2f6b36c33752
    Name  : XML00-resolve_root.py
    Typ   : Artifact

  [kein Trigger] id-2dc3033da20c4816952e3e58e0a3d33b
    Name  : CSV Scripts
    Typ   : Artifact

  [kein Trigger] id-24a3882190604c2399da7ec4acd016f2
    Name  : XML Scripts
    Typ   : Artifact

  [kein Trigger] id-64cbb37f1d6843c2995633f313d674e7
    Name  : 02-csv
    Typ   : Artifact

  [kein Trigger] id-8feba5bc365f4a0dbfa8ae8f39ef897d
    Name  : 00-master
    Typ   : Artifact

  [kein Trigger] id-98186bf641f849fd8a286e607a33dfef
    Name  : 01-sync
    Typ   : Artifact

  [kein Trigger] id-0abce2ba62ef496f9c1d531a1f5341c4
    Name  : 02-import
    Typ   : Artifact

  [kein Trigger] id-da0d67fcb40e49e6b17e35f090263ee6
    Name  : 03-child
    Typ   : Artifact

  [kein Trigger] id-bd4ab2865df44bc0ab417148472398ff
    Name  : 99-exports
    Typ   : Artifact

  [kein Trigger] id-f69c0b641e39412a8c86b78e3d5a56c1
    Name  : 00-archimatechild
    Typ   : Artifact

  [kein Trigger] id-bd546713d1e140b5bf7ab296f7276d28
    Name  : 01-bpmnchild
    Typ   : Artifact

  [kein Trigger] id-3b5c9f334a4045e9ad77dbacf4e1c13c
    Name  : elements.csv
    Typ   : Artifact

  [kein Trigger] id-c0ebc1f1f9064341b7c43020caac2445
    Name  : properties.csv
    Typ   : Artifact

  [kein Trigger] id-7a4d61544fc34ea39ea45d4a563a95cf
    Name  : relations.csv
    Typ   : Artifact

  [kein Trigger] id-bf9090f81a92404bbbd1125191516eae
    Name  : Archi CSV Stack
    Typ   : Artifact

  [kein Trigger] id-4868113fba6d42e0a8c0002e62faf717
    Name  : archimate3_Diagram.xsd
    Typ   : Artifact

  [kein Trigger] id-69cc2486fdeb4261a8ee5e56a10fe450
    Name  : archimate3_Model.xsd
    Typ   : Artifact

  [kein Trigger] id-c9a6fc34ac91416d99e94efca7872082
    Name  : archimate3_View.xsd
    Typ   : Artifact

  [kein Trigger] id-52a74f472229413fb03abd547a3605f2
    Name  : <Modellname>.xml
    Typ   : Artifact

  [kein Trigger] id-435b9a3c53a6429aac791296ddd53be3
    Name  : Archi XML Stack
    Typ   : Artifact

  [kein Trigger] id-ef26482113a244f8857ca02291ce2458
    Name  : SCRIPT-BAUKASTEN.txt
    Typ   : Artifact

  [kein Trigger] id-8e1181a5967a4127b483d772c09bc098
    Name  : master.generated.xml
    Typ   : Artifact

  [kein Trigger] id-1d34300233134d50bb7c594c8a0b2fe3
    Name  : <Prozessname>.xml
    Typ   : Artifact

  [kein Trigger] id-5121e470344444bfa23f2f76357bf06a
    Name  : <Prozessname>.xml
    Typ   : Artifact

  [kein Trigger] id-1a1580f8317c44e5b3ba32abfd78c582
    Name  : Flow.txt
    Typ   : Artifact

  [kein Trigger] id-cd65f4e4000340d78c3330f9021a097a
    Name  : 03-XLSX
    Typ   : Artifact

  [kein Trigger] id-2b5019588b4b43fc8bd6b83870520f6d
    Name  : 03-child
    Typ   : Artifact

  [kein Trigger] id-128a29c03e7948b59826fd7cdbd652d6
    Name  : <Prozessname>.xml
    Typ   : Artifact

  [kein Trigger] id-3a519e2423c34ab890615eb7203844e4
    Name  : 00-achimatechild
    Typ   : Artifact

  [kein Trigger] id-335a90bca2c14a48b46b07f3ea293581
    Name  : 01-bpmnchild
    Typ   : Artifact

  [kein Trigger] id-10cb891001ee46b392e0e42580ec4927
    Name  : 99-export
    Typ   : Artifact

  [kein Trigger] id-bce924b71e1a436f9e2bb7387b035e44
    Name  : <modelname>.xslx
    Typ   : Artifact

  [kein Trigger] id-efd80e6da28b423090cf37edefc994a6
    Name  : 02-how2
    Typ   : Artifact

  [kein Trigger] id-c463f8bb769045d69ad94d18966778e0
    Name  : How2Flow.txt
    Typ   : Artifact

  [kein Trigger] id-d78aa55ac77547968a751475900c99a6
    Name  : child_mapping.txt
    Typ   : Artifact

  [kein Trigger] id-7a6404a95a9649a59043c11765f1caa9
    Name  : fields.csv
    Typ   : Artifact

  [kein Trigger] id-bbacb57e1c2a4dbc97e9ce2167dac02d
    Name  : 04-flow
    Typ   : Artifact

  [kein Trigger] id-c179c9d2c3a34ceb8b5416623a766f5d
    Name  : flow.py
    Typ   : Artifact

  [kein Trigger] id-16a5c562775c43f6a2e49313af8233ea
    Name  : flowmapping.txt
    Typ   : Artifact

  [kein Trigger] id-57028807eae14229bdf48135c371658e
    Name  : jArchi Scirpts
    Typ   : Artifact

  [kein Trigger] id-4285b27858de432b9c43a37a03be8650
    Name  : 03-stages
    Typ   : Artifact

  [kein Trigger] id-11f6aee99e68415d98c230336bab56b8
    Name  : 00-archimatearchive
    Typ   : Artifact

  [kein Trigger] id-49802e45151f45788dd846a5cd7ba3cd
    Name  : 01-bpmnarchive
    Typ   : Artifact

  [kein Trigger] id-541922a9acb0435085f01ffdc099b36f
    Name  : 99-logs
    Typ   : Artifact

  [kein Trigger] id-7ad20f80e87e4742a893432b1af5cb59
    Name  : jA01-Validierung Namen.ajs
    Typ   : Artifact

  [kein Trigger] id-761cb0b011794169a2b59da607456ef0
    Name  : FLOW Stack
    Typ   : Artifact

  [kein Trigger] id-968c0fdb37f24c048fab4bd3fc03d3a7
    Name  : MAT03-TOGAF 10 Guides
    Typ   : Material

  [kein Trigger] id-3d4fcfb5aad74f028f45d48cdc62d158
    Name  : MAT02-Archimate 3.2 Guides
    Typ   : Material

  [kein Trigger] id-724e6e7411f34c388c44f9c9f56ad865
    Name  : MAT01-BPMN 2.0 Guides
    Typ   : Material

  [kein Trigger] id-8c7d81f165824a259ad1810b6de8aef8
    Name  : CON00-Internet
    Typ   : CommunicationNetwork

  [kein Trigger] id-6b0d235775a645478a85fb1cade0ade2
    Name  : NOD00-Fritz Box Router
    Typ   : Node

  [kein Trigger] id-1e3d56c118704a8a9d0a13336f67cac7
    Name  : 02-xychild
    Typ   : Artifact

  [kein Trigger] id-dcebe4b61e054f449ab256c1ff499faf
    Name  : 02-xychild
    Typ   : Artifact

  [kein Trigger] id-9af4b89994c64e31a69cd73cc332135a
    Name  : 02-xyarchive
    Typ   : Artifact

  [kein Trigger] id-5d1f453c2ff14226aa23b5c156dd3bd5
    Name  : 04-notes
    Typ   : Artifact

  [kein Trigger] id-8b04fa4d7fee40649b2fa0cdd1ec529d
    Name  : root.txt
    Typ   : Artifact

  [kein Trigger] id-83b0b2e5f7024f82b15e01d2978819ad
    Name  : context.txt
    Typ   : Artifact

  [kein Trigger] id-baf245d555b94f70b83708af87b1dd62
    Name  : run-scope.txt
    Typ   : Artifact

  [kein Trigger] id-8df9225832b94a1284639ff6e1e65e58
    Name  : struktur.txt
    Typ   : Artifact

  [kein Trigger] id-a0fb68244ac643c1bf4759a5c77e709e
    Name  : TEI01-Powershell Konsolen GUI
    Typ   : TechnologyInterface

  [kein Trigger] id-b2283085c7bc4b2da7e0e3984790f188
    Name  : TEI00-OS GUI
    Typ   : TechnologyInterface

  [kein Trigger] id-360a083ec5544500bf2c5f0c8d744d77
    Name  : MAT00-Guides & Normen
    Typ   : Material

  [kein Trigger] id-d85c2a5a091347e0b4ea46c4fcc3cc49
    Name  : R+MUNI help files
    Typ   : Artifact

  [kein Trigger] id-134e9cb2112a4c6b8dc5c8b737e30379
    Name  : 05-Images
    Typ   : Artifact

  [kein Trigger] id-971b93a7090948d899d956c060bf144a
    Name  : 00-archimateimages
    Typ   : Artifact

  [kein Trigger] id-72f7e53ad2404fe4bd04cc058df22d48
    Name  : 01-bpmnimages
    Typ   : Artifact

  [kein Trigger] id-f288345be38644dc82e14aff003cdc2e
    Name  : 99-strukturimages
    Typ   : Artifact

  [kein Trigger] id-1a430c86295b48caac4dc89a298993d0
    Name  : Archi Export<modellname>.svg
    Typ   : Artifact

  [kein Trigger] id-31d70ca3d0fe4688bfdeed740e6d75e8
    Name  : BPMN 2.0 Export<modellname>.svg (copy)
    Typ   : Artifact

  [kein Trigger] id-81a40cfad3ea4c32a3ad2255d2df9036
    Name  : XML01-collect_sources.py
    Typ   : Artifact

  [kein Trigger] id-2a0c64eafdd146f595e4c9c36445506b
    Name  : XML02-parse_child_xml.py
    Typ   : Artifact

  [kein Trigger] id-412859ad3e5945c7b8c70acd1205e0cb
    Name  : XML03-build_index.py
    Typ   : Artifact

  [kein Trigger] id-40a277e6db974a81b38ae4d9207d2f33
    Name  : XML04-merge_master.py
    Typ   : Artifact

  [kein Trigger] id-7b3c3acd71fc4145a323ecda218f8c04
    Name  : child_mapping.txt
    Typ   : Artifact

  [kein Trigger] id-3a676dde5eee4c849f894b89f3eb733c
    Name  : mapping.txt
    Typ   : Artifact

  [kein Trigger] id-22563d53ff58435b9f01ab3133323226
    Name  : How2Archi2CSVFlow.txt
    Typ   : Artifact

  [kein Trigger] id-18c51adb8cf5498c812099f895f87d2c
    Name  : How2Master2BPMNProzess.txt
    Typ   : Artifact

  [kein Trigger] id-aa3ac598714848d2bc34d4c59f8d53f2
    Name  : How2MasterXMLFlow.txt
    Typ   : Artifact

  [kein Trigger] id-1595c1343f6a47bb9cb4918e9bcdda2b
    Name  : Global GOV.pdf
    Typ   : Artifact

  [kein Trigger] id-c873fabb598748a98d5ab2dea9f60768
    Name  : XML05-clear_merge.py
    Typ   : Artifact

  [kein Trigger] id-6e8348465c224de3afaa052a0d7509f6
    Name  : XML06-finalize-master.py
    Typ   : Artifact

  [kein Trigger] id-a74e52f49a8440c3b02e71b071fb7a69
    Name  : XML07-cleanup-artifacts.py
    Typ   : Artifact

  [kein Trigger] id-7cf7e93e2d2f47a0925dc226bb40f3ac
    Name  : csvexport.txt
    Typ   : Artifact

  [kein Trigger] id-c9c51291610344c1ae44f467853145b2
    Name  : 00-master
    Typ   : Artifact

  [kein Trigger] id-1a8d962cdfdb4013ab3df1f00819af7e
    Name  : 01-mapping
    Typ   : Artifact

  [kein Trigger] id-6abab46b45b646ef8add25cc81067c4d
    Name  : 02-xychild
    Typ   : Artifact

  [kein Trigger] id-903889af94ce41788e16b7c7a2b67d96
    Name  : csvmapping.txt
    Typ   : Artifact

  [kein Trigger] id-b0f4907896d84881a6eda85170ca138e
    Name  : propmapping.txt
    Typ   : Artifact

  [kein Trigger] id-a7fa6d94a699464588fcb77ba2a37801
    Name  : 05-images
    Typ   : Artifact

  [kein Trigger] id-27b9e7c39621408780bd64d43ecca7d6
    Name  : 00-archimateimages
    Typ   : Artifact

  [kein Trigger] id-bb4ffd52b8c948158aa2da566a1cbc46
    Name  : 01-bpmnimages
    Typ   : Artifact

  [kein Trigger] id-d01857362b694d19acdc32b3859e1fe6
    Name  : 99-strukturimages
    Typ   : Artifact

  [kein Trigger] id-3d790885e4c8467e83688fa09298f11b
    Name  : model-scope.txt
    Typ   : Artifact

  [kein Trigger] id-b73072a8c0e147efac4a5316927c70c3
    Name  : Master 2 BPMN Cycle
    Typ   : Artifact

  [kein Trigger] id-5cd0f106affd4652a9dfacac89d85dfb
    Name  : M2B00-root_resolve.py
    Typ   : Artifact

  [kein Trigger] id-bbc83b29394045f99435846d6a38b04f
    Name  : M2B01-master_extract.py
    Typ   : Artifact

  [kein Trigger] id-e65b56d9a85947a8ac88841130aab916
    Name  : M2B02-activate_model.py
    Typ   : Artifact

  [kein Trigger] id-9d33612bea7944d7b8f9018f05974753
    Name  : M2B03-clear.py
    Typ   : Artifact

  [kein Trigger] id-e5ab5d2846fc4a0e85e7d2ce2240ebb1
    Name  : M2B04-reconcile_enrich.py
    Typ   : Artifact

  [kein Trigger] id-35a102086aab4a5098481707177ebaf6
    Name  : STA00-Me ;)
    Typ   : Stakeholder

  [kein Trigger] id-f0f0f9edab974e42a6a0c2bfdfd0c2e0
    Name  : PRI02-Freie Software
    Typ   : Principle

  [kein Trigger] id-4eda9886e61e43adbe284fbe6679ee1a
    Name  : REQ05-Praxis tauglich
    Typ   : Requirement

  [kein Trigger] id-d1d04a2ed3a54f7bb7bf81e7ccae4d75
    Name  : REQ01-Leicht zu bedienen
    Typ   : Requirement

  [kein Trigger] id-74363f1797494190ac7e9e2900fda900
    Name  : PRI04-Offene Normen und Guidelines
    Typ   : Principle

  [kein Trigger] id-1feb6dd351ce421c8cec6c3fee8c0f45
    Name  : MEA00-Free 4 all
    Typ   : Meaning

  [kein Trigger] id-5579e8de5ea74b94b41cd2ff1113d6f8
    Name  : PRI01-Freier Zugang zu Unterlagen
    Typ   : Principle

  [kein Trigger] id-c50b64cab06049b9b724ce5d4ae94c89
    Name  : REQ04-Visuell getrieben
    Typ   : Requirement

  [kein Trigger] id-16a08948c74f418ea2d1093df569b12c
    Name  : REQ03-wartbar
    Typ   : Requirement

  [kein Trigger] id-b41a83116fe2490387753d442f5303cf
    Name  : PRI03-Offen für Erweiterung
    Typ   : Principle

  [kein Trigger] id-5f48baf405e2434c8562e4be579f0816
    Name  : DRV00-Geiler Job
    Typ   : Driver

  [kein Trigger] id-a629cbaa5892420cbf7ee173c114ae5c
    Name  : ASS00-Mögliche Lösungen
    Typ   : Assessment

  [kein Trigger] id-07aa42f89e8d404aa027971535a68236
    Name  : OUT00-R+MUNI
    Typ   : Outcome

  [kein Trigger] id-fa09164a4758456895d442486aff62ea
    Name  : VAL00-Millionen Sachen
    Typ   : Value

  [kein Trigger] id-4efa44dd2e3d44a69f0945d0f16c195a
    Name  : DRV01-Wissbegierde
    Typ   : Driver

  [kein Trigger] id-12679af793a742f0b3e5a6c196ca207d
    Name  : GOA00-R+MUNI Release
    Typ   : Goal

  [kein Trigger] id-9f87b3f035bc49ef981b4e32b4936ad6
    Name  : DRV02-Was mich motiviert!
    Typ   : Driver

  [kein Trigger] id-2e8003103e65443fa5bdb50a9142d97a
    Name  : REQ02-Wie es sein sollt
    Typ   : Requirement

  [kein Trigger] id-2a1f094032ac44b982bc88b695a59cec
    Name  : PRI00-Die Prinzipien sind mir wichtig
    Typ   : Principle

  [kein Trigger] id-a9c6b3622b6d4b55b8fbd0106eb6dfbb
    Name  : MEA01-Wie ich denke
    Typ   : Meaning

  [kein Trigger] id-5806af86e54f4bddadc9d002bb6e30f0
    Name  : MEA02-Offen entwickelbar
    Typ   : Meaning

  [kein Trigger] id-0a367492b3df434f9737a64bdae55abd
    Name  : REQ00-Kostenfreier Stack
    Typ   : Requirement

  [kein Trigger] id-bbcc8e9085c14f17818bd61081881d05
    Name  : Work Package
    Typ   : WorkPackage

----------------------------------------

Datei: 02-artifacts\00-xml\03-child\00-archimatechild\Importer.xml
  [kein Trigger] id-54664babd48f4913b0f6510db8755dd3
    Name  : Resource
    Typ   : Resource

  [kein Trigger] id-db64f171f9114c8da5d2086ca4416e83
    Name  : Capability
    Typ   : Capability

  [kein Trigger] id-8a10df0fa5b44208837ef52dc9df94c0
    Name  : Value Stream
    Typ   : ValueStream

  [kein Trigger] id-0071a9b8fbcd467dba90cc5d7f82bcca
    Name  : Course of Action
    Typ   : CourseOfAction

  [kein Trigger] id-22efd022508a461c8736993347cf1497
    Name  : Business Actor
    Typ   : BusinessActor

  [kein Trigger] id-c473242dc2f74cde98b1859322c96e69
    Name  : Business Role
    Typ   : BusinessRole

  [kein Trigger] id-adc51032027f4b78a5290431c525a11b
    Name  : Business Interface
    Typ   : BusinessInterface

  [kein Trigger] id-2bc8d13549934e39bf40ae06c96980e8
    Name  : Business Process
    Typ   : BusinessProcess

  [kein Trigger] id-a58d8d21613f45cbb4624cd17ba7a020
    Name  : Business Function
    Typ   : BusinessFunction

  [kein Trigger] id-367eb34e44b8433e99311703cdf2575c
    Name  : Business Interaction
    Typ   : BusinessInteraction

  [kein Trigger] id-4312e59f96194527998f543af29e5993
    Name  : Business Event
    Typ   : BusinessEvent

  [kein Trigger] id-9e4de93916b4425e839bc45e68d8edd5
    Name  : Business Service
    Typ   : BusinessService

  [kein Trigger] id-3edccef337404c89af0e866344350501
    Name  : Business Object
    Typ   : BusinessObject

  [kein Trigger] id-fe5f7953571846f7bc783a5f49e531de
    Name  : Contract
    Typ   : Contract

  [kein Trigger] id-f65aa1f0786b4121b92fa37e2effb6b3
    Name  : Representation
    Typ   : Representation

  [kein Trigger] id-12566422b8cb4d449c05ecd46cd0d963
    Name  : Product
    Typ   : Product

  [kein Trigger] id-cc0d9dae567c4981b1cb2c6527a5c326
    Name  : Application Component
    Typ   : ApplicationComponent

  [kein Trigger] id-1a366e9a78494264a24f1594ee44c026
    Name  : Application Collaboration
    Typ   : ApplicationCollaboration

  [kein Trigger] id-8dbf0f7a10824dc7923ff7389f05700b
    Name  : Application Interface
    Typ   : ApplicationInterface

  [kein Trigger] id-19686442ea94450cb3a518b60d176101
    Name  : Application Function
    Typ   : ApplicationFunction

  [kein Trigger] id-2a6c5ec51212471f96e1398f2297f810
    Name  : Application Interaction
    Typ   : ApplicationInteraction

  [kein Trigger] id-3f5e3fb2b466409fb877d82be46b34de
    Name  : Application Process
    Typ   : ApplicationProcess

  [kein Trigger] id-41f761e0fc274f23be41d98ed0ecf45c
    Name  : Application Event
    Typ   : ApplicationEvent

  [kein Trigger] id-a8d2962157154ace949c6024260ed410
    Name  : Application Service
    Typ   : ApplicationService

  [kein Trigger] id-c8932c5151004bfc922645f8327d0b26
    Name  : Data Object
    Typ   : DataObject

  [kein Trigger] id-27cbc4e7ef1a440c8b41b23173c1c9b4
    Name  : Node
    Typ   : Node

  [kein Trigger] id-3d958e41125243eea03989eac6cb7e3a
    Name  : Device
    Typ   : Device

  [kein Trigger] id-fef534a4d5c942f98317090b2e993928
    Name  : System Software
    Typ   : SystemSoftware

  [kein Trigger] id-178b7cfc299041699cf0ce3ae45c211d
    Name  : Technology Collaboration
    Typ   : TechnologyCollaboration

  [kein Trigger] id-ed8f8865476746788b8cbbfdbda7a643
    Name  : Technology Interface
    Typ   : TechnologyInterface

  [kein Trigger] id-0b2a477169694ff1abd64ee3389d46ff
    Name  : Path
    Typ   : Path

  [kein Trigger] id-fcd6f81b946849c29a891e1e26fdafbb
    Name  : Communication Network
    Typ   : CommunicationNetwork

  [kein Trigger] id-9ce20ff439cd418cbbeee297c1801627
    Name  : Technology Function
    Typ   : TechnologyFunction

  [kein Trigger] id-9350e08633b942f586d70cb93ae32c84
    Name  : Technology Process
    Typ   : TechnologyProcess

  [kein Trigger] id-801ec37aaab442baadef2b6f9afe9705
    Name  : Technology Interaction
    Typ   : TechnologyInteraction

  [kein Trigger] id-a78d4e3b3d554a9ebe48d1e48f10951a
    Name  : Technology Event
    Typ   : TechnologyEvent

  [kein Trigger] id-1037f2c819fc4cec870f30a3366777c4
    Name  : Technology Service
    Typ   : TechnologyService

  [kein Trigger] id-731d26ee167340d3a9e612d57dba07d6
    Name  : Artifact
    Typ   : Artifact

  [kein Trigger] id-53b1fb1d650644e8a3cc04143c5e84b2
    Name  : Equipment
    Typ   : Equipment

  [kein Trigger] id-04a6556144ff45408dedeaa75a320eea
    Name  : Equipment
    Typ   : Equipment

  [kein Trigger] id-4f8cc30026af478ebd6bfb004ac45622
    Name  : Facility
    Typ   : Facility

  [kein Trigger] id-7cfbf9bcef7e41a29763c0233dd24fd6
    Name  : Distribution Network
    Typ   : DistributionNetwork

  [kein Trigger] id-aa2eedbc654f4636a73a14f3286649a4
    Name  : Material
    Typ   : Material

  [kein Trigger] id-fd13e2b9f29b45fbb76e296ff3d2c442
    Name  : Stakeholder
    Typ   : Stakeholder

  [kein Trigger] id-62572abe71654242809b67339965a5d3
    Name  : Driver
    Typ   : Driver

  [kein Trigger] id-26e1e8e751e74126a6d978621d6e627c
    Name  : Assessment
    Typ   : Assessment

  [kein Trigger] id-bf0eaa63390e457aba14cd7ac6679751
    Name  : Goal
    Typ   : Goal

  [kein Trigger] id-80f094f2bf1649a78ecede3d007a2c12
    Name  : Outcome
    Typ   : Outcome

  [kein Trigger] id-4638494274ed45d2bb85035173ea3be9
    Name  : Principle
    Typ   : Principle

  [kein Trigger] id-1491dfae821245a6bf252270ce1b1d26
    Name  : Requirement
    Typ   : Requirement

  [kein Trigger] id-c56fb3a8b9674ea0a0c12b12269a730d
    Name  : Constraint
    Typ   : Constraint

  [kein Trigger] id-9ff43e5a370e455cb948774923a7aaa9
    Name  : Meaning
    Typ   : Meaning

  [kein Trigger] id-d081574e000b43f8ad4ca8f558d3d7a7
    Name  : Value
    Typ   : Value

  [kein Trigger] id-06dfe8abed464e21b8ba652a4c432a33
    Name  : Work Package
    Typ   : WorkPackage

  [kein Trigger] id-fe1222d5dfae4040b30c7f2cd69241a6
    Name  : Deliverable
    Typ   : Deliverable

  [kein Trigger] id-3f2ba834407a4cb8ae6d074faa8fde4b
    Name  : Implementation Event
    Typ   : ImplementationEvent

  [kein Trigger] id-8f5c2e1c5b2a48809173d40c8227192d
    Name  : Plateau
    Typ   : Plateau

  [kein Trigger] id-186528d117834af19c147b88228fc7fa
    Name  : Gap
    Typ   : Gap

  [kein Trigger] id-ea1e4599aae14136aa780af634b8f01b
    Name  : Location
    Typ   : Location

  [kein Trigger] id-945a5b5add6d4933ad8eb06d7a559aec
    Name  : Grouping
    Typ   : Grouping

----------------------------------------

Datei: 02-artifacts\00-xml\03-child\00-archimatechild\MUNI EA Modell.xml
  [kein Trigger] id-081d94ae4980441e9b29dcc553b77aa0
    Name  : RES00-Eigenmittel
    Typ   : Resource

  [kein Trigger] id-6a2333e59af14a0fafb3acb889a9cd39
    Name  : RES01-Gaming Hardware
    Typ   : Resource

  [kein Trigger] id-2409c8327b9048cd800ad824e9b69e74
    Name  : CAP03-Projektmanagemen
    Typ   : Capability

  [kein Trigger] id-36208904226a410cbfd08f8c171ea497
    Name  : CAP02-Modell Know How
    Typ   : Capability

  [kein Trigger] id-d2c06c8e7f184d0a87bae234afd35bb8
    Name  : CAP00-IT Infrastruktur Know How
    Typ   : Capability

  [kein Trigger] id-977695ea242249bdb2b04041b936b8fc
    Name  : CAP01-Modellierungs Know How
    Typ   : Capability

  [kein Trigger] id-6e36fdfb918c4240acbee5fcf51faf94
    Name  : VAS04-R+MUNI
    Typ   : ValueStream

  [kein Trigger] id-9df74ba77e634bf19e046fbcdedeaf98
    Name  : VAS00-Enabling
    Typ   : ValueStream

  [kein Trigger] id-d0481fda2c9347638cd7f163f57ae765
    Name  : VAS02-Individualisierungen
    Typ   : ValueStream

  [kein Trigger] id-ee2df5d1790f4035914f33468504ddb6
    Name  : VAS05-Unterstützungsleistungen
    Typ   : ValueStream

  [kein Trigger] id-b3b2b665e3dd4de7b72353031c0228be
    Name  : VAS01-Feature Upgrades
    Typ   : ValueStream

  [kein Trigger] id-f25940021ed2491e882cbfc90aab9c0f
    Name  : COA00-R+MUNI 1.0 Internal Release
    Typ   : CourseOfAction

  [kein Trigger] id-2ef9b591145c4d6594e322bfd4b4d9c1
    Name  : VAS03-Klarheit über Fragestellungen
    Typ   : ValueStream

  [kein Trigger] id-32a504ae21274b1ba2809f15c3f99ca2
    Name  : BUA00-R+MUNI Dude (ME)
    Typ   : BusinessActor

  [kein Trigger] id-07de8542053d4739b7fa1a98bbe59798
    Name  : BUR01-Entwickler
    Typ   : BusinessRole

  [kein Trigger] id-866783f5689b4893a8f70b6350ce0c2e
    Name  : BUR02-Modellierer
    Typ   : BusinessRole

  [kein Trigger] id-f116ad32a5f94363be4fa5093fba5e13
    Name  : BUR00-Consultant
    Typ   : BusinessRole

  [kein Trigger] id-6ac1e83e5f504bab855953587a815128
    Name  : BUS03-PreSales Consultant Service
    Typ   : BusinessService

  [kein Trigger] id-ae45ebc72b884142adb642ba4fd338a5
    Name  : BUS00-First Time Setup
    Typ   : BusinessService

  [kein Trigger] id-af9fcf6cc64a49528dbf268d944f5747
    Name  : BUS04-Visuelle Diagramm Service
    Typ   : BusinessService

  [kein Trigger] id-4ef15ecc93914e9480ca060b037a7861
    Name  : BUS02-MUNI Schulungs Service
    Typ   : BusinessService

  [kein Trigger] id-394ce819ab194ca09c10b6671ea3a587
    Name  : BUP04-R+MUNI entwickeln
    Typ   : BusinessProcess

  [kein Trigger] id-5b10384809f94f15a0bc399b68f7cdf6
    Name  : BUP07-Visuelle Modelle erstellen
    Typ   : BusinessProcess

  [kein Trigger] id-6d76f68d89d44f9491a836e9e993d2d7
    Name  : BUP01-Lösung für Anforderung erarbeiten
    Typ   : BusinessProcess

  [kein Trigger] id-6132cbb6e22143e3a4a8f1e18ae8aabc
    Name  : BUP02-Lösung präsentieren
    Typ   : BusinessProcess

  [kein Trigger] id-bfe411b764cb4400aa04321e5da21131
    Name  : BUP06-Schulung durchführen
    Typ   : BusinessProcess

  [kein Trigger] id-486ae814a4cf4dde90c3a130c6441454
    Name  : BUP05-R+MUNI installieren
    Typ   : BusinessProcess

  [kein Trigger] id-ec42131fce17464ababb7bedfe11f468
    Name  : BUP03-R+MUNI anpassen
    Typ   : BusinessProcess

  [kein Trigger] id-0b7a5ed5e5204f918fe105b956a4c660
    Name  : BUS01-Individual Anpassungen
    Typ   : BusinessService

  [kein Trigger] id-2846035edbac4e1eac7b177be2423e6b
    Name  : BUO04-Visuelle Darstellung
    Typ   : BusinessObject

  [kein Trigger] id-db304cccdbbd45169fd50eeb4b7d1e0b
    Name  : BUO02-Referenzdoku
    Typ   : BusinessObject

  [kein Trigger] id-01eb201c03bb4d7c9844a47cfef98e15
    Name  : PRO00-R+MUNI
    Typ   : Product

  [kein Trigger] id-1cbdbc8e6f784df3a399105b7dab5a00
    Name  : BUO00-FLOW
    Typ   : BusinessObject

  [kein Trigger] id-5dc55f30f09e4374bfe9272f8d296b86
    Name  : BUI00-Archimate Tool GUI
    Typ   : BusinessInterface

  [kein Trigger] id-fba788f076224c86933b5712d75db7c5
    Name  : BUI02-BPMN 2.0 Tool GUI
    Typ   : BusinessInterface

  [kein Trigger] id-0f0b8b3ec7104ab9a902e773a818553f
    Name  : BUP00-3rd Party Import
    Typ   : BusinessProcess

  [kein Trigger] id-d0181862971f480fa8be0970994b539d
    Name  : BUF00-3rd Party Importer
    Typ   : BusinessFunction

  [kein Trigger] id-a9a69e2bb4b049dd98a7b5c9ff6f14ae
    Name  : BUF05-Prozess Modellierer
    Typ   : BusinessFunction

  [kein Trigger] id-c6d3e60758a9458999a60602f3a3b93e
    Name  : BUF01-Architektur & Business Modellierer
    Typ   : BusinessFunction

  [kein Trigger] id-1728306f843245c28cdf4c03f931735c
    Name  : BUF02-HTML Report erstellen
    Typ   : BusinessFunction

  [kein Trigger] id-6bffa26862a54464b2b248ebe318aaf2
    Name  : BUF03-Image Export
    Typ   : BusinessFunction

  [kein Trigger] id-515413fa45a343748eed2ef0e5bdc06f
    Name  : BUF04-Prozess Automation light
    Typ   : BusinessFunction

  [kein Trigger] id-679267bc304a4ae9a219d825b129fd93
    Name  : BUI01-Editor GUI
    Typ   : BusinessInterface

  [kein Trigger] id-3e7289a052c94b5d88d08a7e659241d3
    Name  : BUI03-HTML Web GUI
    Typ   : BusinessInterface

  [kein Trigger] id-820007ce24d54d45baa6966d0e52c668
    Name  : BUO01-HTML Report
    Typ   : BusinessObject

  [kein Trigger] id-529381f99030453d81330cb99689cb2c
    Name  : BUO03-Referenzmodelle
    Typ   : BusinessObject

  [kein Trigger] id-254704aef3534da5b3863619168df04b
    Name  : BUF06-Selbsthilfe
    Typ   : BusinessFunction

  [kein Trigger] id-7ebdb2a2d877437b8d3b8945b31aff5e
    Name  : APC00-Archi 5.8
    Typ   : ApplicationComponent

  [kein Trigger] id-09378af6e4e54c2bb56f37b056b411d0
    Name  : API00-Archi Gui
    Typ   : ApplicationInterface

  [kein Trigger] id-c6a30b40e8e04dfeb8c9ae3b58ae9d0f
    Name  : APF05-CSV Export
    Typ   : ApplicationFunction

  [kein Trigger] id-47eece96f6ef4f8c887079832c9c8d32
    Name  : APF00-Archmiate Modellierung
    Typ   : ApplicationFunction

  [kein Trigger] id-04d63fc625ef46dd99d301c9d647a626
    Name  : APF06-CSV Import
    Typ   : ApplicationFunction

  [kein Trigger] id-8f6f20af5c0149b5aaf5f395b705cddf
    Name  : APF16-Open Exchange Format Export
    Typ   : ApplicationFunction

  [kein Trigger] id-31b2b9431eb741fe845bf7420bcb36b4
    Name  : APF15-Open Exchange Format Import
    Typ   : ApplicationFunction

  [kein Trigger] id-e8080291c32346dcb551767309760561
    Name  : APF09-EXCEL Export
    Typ   : ApplicationFunction

  [kein Trigger] id-ddc5d5f706b24d0482ae3f7e504c8638
    Name  : DAO02-Archi CSV Stack
    Typ   : DataObject

  [kein Trigger] id-bc0b10d6225147619307d89e11def2b4
    Name  : DAO04-Archi XML Stack
    Typ   : DataObject

  [kein Trigger] id-a5a178d05fd94bd9ba6a199ddd6a6e21
    Name  : DOA12-Main Archi <modellname>
    Typ   : DataObject

  [kein Trigger] id-508d8fb39ffa4a62bd09d5abab1f79bd
    Name  : DAO07-Sub Archi <modellname>
    Typ   : DataObject

  [kein Trigger] id-e7247550ca144a27a94f66268ab718ff
    Name  : DAO03-Archi <modellname>.xlsx
    Typ   : DataObject

  [kein Trigger] id-8e3e68f7c3b54c6d996c1c65cd4d3eab
    Name  : APC01-Camunda Modeler
    Typ   : ApplicationComponent

  [kein Trigger] id-f40225e3f9504ddfa56eb22b95fc3ce9
    Name  : APF01-BPMN 2.0 Modellierung
    Typ   : ApplicationFunction

  [kein Trigger] id-afb6eefbbd0548699e65384387b61759
    Name  : DAO05-BPMN<Prozessname>.bpmn
    Typ   : DataObject

  [kein Trigger] id-c3eb6d0e5d344ee788f5eb1a41b1a95e
    Name  : APF03-Camunda 7 Modelle
    Typ   : ApplicationFunction

  [kein Trigger] id-01ab2c652ce64460b1b4e2932e725a6e
    Name  : APF04-Camunda 8 Modelle
    Typ   : ApplicationFunction

  [kein Trigger] id-df247b5f9ebb4d768ec0d00b795e3502
    Name  : APC03-FLOW Routine
    Typ   : ApplicationComponent

  [kein Trigger] id-48a16234b4e4448cb38d7d66c3ae8f87
    Name  : APF14-Prozessautomatisierung light
    Typ   : ApplicationFunction

  [kein Trigger] id-5e8a5cc38c3341a1b92b5c6588d11027
    Name  : DAO08-FLOW
    Typ   : DataObject

  [kein Trigger] id-2aaf978df8a5498288322fc2dc707c09
    Name  : ACO00-R+MUNI
    Typ   : ApplicationCollaboration

  [kein Trigger] id-1e951c3ecb254860b2a829c8ca2895c3
    Name  : APC02-Crome Browser
    Typ   : ApplicationComponent

  [kein Trigger] id-a3a7ba26228142be94e11c8099b1f549
    Name  : APF02-Brower Funktion
    Typ   : ApplicationFunction

  [kein Trigger] id-55bf18ce80c64078a01cd08d1249ce34
    Name  : DAO10-Guidelines
    Typ   : DataObject

  [kein Trigger] id-da9bf2a418c3489e8a3ad16632c02566
    Name  : APF12-Reader Funkion
    Typ   : ApplicationFunction

  [kein Trigger] id-f0c53e2b0d4c45f78453cfe7ea090c5e
    Name  : APC04-Notepad ++
    Typ   : ApplicationComponent

  [kein Trigger] id-ffd948a082514d22a9efa9f9c576d4b3
    Name  : DAO09-Scripts
    Typ   : DataObject

  [kein Trigger] id-f65114adf355489496223cedcc6ab65b
    Name  : DOA11-R+MUNI Info Files
    Typ   : DataObject

  [kein Trigger] id-1b2321b1993f432d867aab233c737a41
    Name  : API01-Camunda Modeler GUI
    Typ   : ApplicationInterface

  [kein Trigger] id-7351980e1fd84ab1b1cef85e7f32a470
    Name  : API03-FLOW
    Typ   : ApplicationInterface

  [kein Trigger] id-def2bc7d7c89434f96b6ebb74efdaa19
    Name  : API04-Notepad++ GUI
    Typ   : ApplicationInterface

  [kein Trigger] id-39f6158dcef44d1bbc05659f4ba42766
    Name  : API02-Crome GUI
    Typ   : ApplicationInterface

  [kein Trigger] id-94f52e6fd1f644e7938c274d6da9f223
    Name  : APF08-Editor
    Typ   : ApplicationFunction

  [kein Trigger] id-c30bd7d49b334338b26168831305c559
    Name  : APF10-Selbsthilfeanleitung
    Typ   : ApplicationFunction

  [kein Trigger] id-addcef0ebfe342a69591631d2e052ae1
    Name  : APF07-EA Image Export
    Typ   : ApplicationFunction

  [kein Trigger] id-f1540c55f6c5425fad4108630fe705d0
    Name  : APF13-Prozess Image Export
    Typ   : ApplicationFunction

  [kein Trigger] id-09f50620d3b840568670d86b175bad08
    Name  : DAO06-BPMN<Prozessname>.svg
    Typ   : DataObject

  [kein Trigger] id-0d2616a6f51b4263867f2d42d6176276
    Name  : DAO00-Archi<modellname>.svg
    Typ   : DataObject

  [kein Trigger] id-73f92331be754642b7ec3de3649fa263
    Name  : APF11-Image Export
    Typ   : ApplicationFunction

  [kein Trigger] id-330b8be07ec340f7ad5f737cdb2baaef
    Name  : DEV00-Gaming PC
    Typ   : Device

  [kein Trigger] id-26ef9465c2b34a1186baeb41ef79f144
    Name  : SYS00-Windows 11 Enterprise
    Typ   : SystemSoftware

  [kein Trigger] id-c0889d4beb7e44f39c958afece722642
    Name  : TEF00-Ordnerstruktur und Rechtevergabe
    Typ   : TechnologyFunction

  [kein Trigger] id-5f5e6a2f8b2b4f05b93a6d4b150bbb7c
    Name  : SYS01-Python 3 run
    Typ   : SystemSoftware

  [kein Trigger] id-7c959626b8a148edbaaa9cac7eeeabfd
    Name  : SYS02-Powershell 7.x
    Typ   : SystemSoftware

  [kein Trigger] id-8afbbd03b18345aab637c301ad02fdfc
    Name  : TEF01-Ausführen von Applikationen
    Typ   : TechnologyFunction

  [kein Trigger] id-968c0fdb37f24c048fab4bd3fc03d3a7
    Name  : MAT03-TOGAF 10 Guides
    Typ   : Material

  [kein Trigger] id-3d4fcfb5aad74f028f45d48cdc62d158
    Name  : MAT02-Archimate 3.2 Guides
    Typ   : Material

  [kein Trigger] id-724e6e7411f34c388c44f9c9f56ad865
    Name  : MAT01-BPMN 2.0 Guides
    Typ   : Material

  [kein Trigger] id-8c7d81f165824a259ad1810b6de8aef8
    Name  : CON00-Internet
    Typ   : CommunicationNetwork

  [kein Trigger] id-6b0d235775a645478a85fb1cade0ade2
    Name  : NOD00-Fritz Box Router
    Typ   : Node

  [kein Trigger] id-a0fb68244ac643c1bf4759a5c77e709e
    Name  : TEI01-Powershell Konsolen GUI
    Typ   : TechnologyInterface

  [kein Trigger] id-b2283085c7bc4b2da7e0e3984790f188
    Name  : TEI00-OS GUI
    Typ   : TechnologyInterface

  [kein Trigger] id-360a083ec5544500bf2c5f0c8d744d77
    Name  : MAT00-Guides & Normen
    Typ   : Material

  [kein Trigger] id-35a102086aab4a5098481707177ebaf6
    Name  : STA00-Me ;)
    Typ   : Stakeholder

  [kein Trigger] id-f0f0f9edab974e42a6a0c2bfdfd0c2e0
    Name  : PRI02-Freie Software
    Typ   : Principle

  [kein Trigger] id-4eda9886e61e43adbe284fbe6679ee1a
    Name  : REQ05-Praxis tauglich
    Typ   : Requirement

  [kein Trigger] id-d1d04a2ed3a54f7bb7bf81e7ccae4d75
    Name  : REQ01-Leicht zu bedienen
    Typ   : Requirement

  [kein Trigger] id-74363f1797494190ac7e9e2900fda900
    Name  : PRI04-Offene Normen und Guidelines
    Typ   : Principle

  [kein Trigger] id-1feb6dd351ce421c8cec6c3fee8c0f45
    Name  : MEA00-Free 4 all
    Typ   : Meaning

  [kein Trigger] id-5579e8de5ea74b94b41cd2ff1113d6f8
    Name  : PRI01-Freier Zugang zu Unterlagen
    Typ   : Principle

  [kein Trigger] id-c50b64cab06049b9b724ce5d4ae94c89
    Name  : REQ04-Visuell getrieben
    Typ   : Requirement

  [kein Trigger] id-16a08948c74f418ea2d1093df569b12c
    Name  : REQ03-wartbar
    Typ   : Requirement

  [kein Trigger] id-b41a83116fe2490387753d442f5303cf
    Name  : PRI03-Offen für Erweiterung
    Typ   : Principle

  [kein Trigger] id-5f48baf405e2434c8562e4be579f0816
    Name  : DRV00-Geiler Job
    Typ   : Driver

  [kein Trigger] id-a629cbaa5892420cbf7ee173c114ae5c
    Name  : ASS00-Mögliche Lösungen
    Typ   : Assessment

  [kein Trigger] id-07aa42f89e8d404aa027971535a68236
    Name  : OUT00-R+MUNI
    Typ   : Outcome

  [kein Trigger] id-fa09164a4758456895d442486aff62ea
    Name  : VAL00-Millionen Sachen
    Typ   : Value

  [kein Trigger] id-4efa44dd2e3d44a69f0945d0f16c195a
    Name  : DRV01-Wissbegierde
    Typ   : Driver

  [kein Trigger] id-12679af793a742f0b3e5a6c196ca207d
    Name  : GOA00-R+MUNI Release
    Typ   : Goal

  [kein Trigger] id-9f87b3f035bc49ef981b4e32b4936ad6
    Name  : DRV02-Was mich motiviert!
    Typ   : Driver

  [kein Trigger] id-2e8003103e65443fa5bdb50a9142d97a
    Name  : REQ02-Wie es sein sollt
    Typ   : Requirement

  [kein Trigger] id-2a1f094032ac44b982bc88b695a59cec
    Name  : PRI00-Die Prinzipien sind mir wichtig
    Typ   : Principle

  [kein Trigger] id-a9c6b3622b6d4b55b8fbd0106eb6dfbb
    Name  : MEA01-Wie ich denke
    Typ   : Meaning

  [kein Trigger] id-5806af86e54f4bddadc9d002bb6e30f0
    Name  : MEA02-Offen entwickelbar
    Typ   : Meaning

  [kein Trigger] id-0a367492b3df434f9737a64bdae55abd
    Name  : REQ00-Kostenfreier Stack
    Typ   : Requirement

----------------------------------------

Datei: 02-artifacts\00-xml\03-child\00-archimatechild\MUNI FLOW.xml
  [kein Trigger] id-1393ce3e12f1498eb06cbefe32f0be91
    Name  : BUP00-CSV FLOW
    Typ   : BusinessProcess

  [kein Trigger] id-3431625e8daa424b9f089c21d4ea6049
    Name  : BPU01-CSV 2 CSV
    Typ   : BusinessProcess

  [kein Trigger] id-8d6586a812d04fa9aa1e0e646e1fd239
    Name  : BPU02-XLSX 2 CSV
    Typ   : BusinessProcess

  [kein Trigger] id-5e398e49cb0a4fbd889849a7e7c272c6
    Name  : BUP03-masterxml2CSV
    Typ   : BusinessProcess

  [kein Trigger] id-8b98e9a157c845acb0fb8f0049826222
    Name  : BUP04-mastercsv2Assets
    Typ   : BusinessProcess

  [kein Trigger] id-87df041b085a403e948d63e82b6dc556
    Name  : BUP05-XML FLOW
    Typ   : BusinessProcess

  [kein Trigger] id-136c6e495f7944fe9d174e8e99401ca1
    Name  : BUP06-M2B FLOW
    Typ   : BusinessProcess

  [kein Trigger] id-f2e451fc1a5040418d5ce92a8baa0d16
    Name  : BUP07-FLOW
    Typ   : BusinessProcess

  [kein Trigger] id-07f6a1ba20284089a07feedb889ebf0a
    Name  : XML Stack
    Typ   : Artifact

  [kein Trigger] id-bafb66f26ac3434a8b1aeeac670afc87
    Name  : XML00-resolve_root.py
    Typ   : Artifact

  [kein Trigger] id-29eaadf1d85e49719d9da65fe742641b
    Name  : XML01-collect_sources.py
    Typ   : Artifact

  [kein Trigger] id-989ed20da8e54aecb948b8aee2262c81
    Name  : XML02-parse_child_xml.py
    Typ   : Artifact

  [kein Trigger] id-a80d55857aad43578201aa49fdf50065
    Name  : XML03-build_index.py
    Typ   : Artifact

  [kein Trigger] id-dfcff32751de454ab2382bb00d0fa817
    Name  : XML04-merge_master.py
    Typ   : Artifact

  [kein Trigger] id-9584aebb4c6a4270908b1ee5a03b4ba4
    Name  : XML05-clear_merge.py
    Typ   : Artifact

  [kein Trigger] id-c46b9c924da746e0a0dbc369a466e093
    Name  : XML06-finalize-master.py
    Typ   : Artifact

  [kein Trigger] id-5cdf108963b342f38e87199b80fa08ca
    Name  : XML07-cleanup-artifacts.py
    Typ   : Artifact

  [kein Trigger] id-92fece2374424122bd2c37707254a3e6
    Name  : Aktives Modell <modelname>.archimate
    Typ   : Artifact

  [kein Trigger] id-8919a7825ffa47fd8fd8e1c66621cd6b
    Name  : <Prozessname>.xml
    Typ   : Artifact

  [kein Trigger] id-6dfc245ddadc4c938965406ff39dca19
    Name  : 01-bpmnchild
    Typ   : Artifact

  [kein Trigger] id-8bb1ba815b334d1a86188f4848e29de4
    Name  : 03-stages
    Typ   : Artifact

  [kein Trigger] id-2436b167f3ec4b67a35751057032ea4e
    Name  : root.txt
    Typ   : Artifact

  [kein Trigger] id-06b685dca8a644b7a134c186b5cd5cb0
    Name  : 02-artifacts
    Typ   : Artifact

  [kein Trigger] id-5c2cbb3e91bd4e78ab19b506b0976031
    Name  : 03-child
    Typ   : Artifact

  [kein Trigger] id-14aff2297b7548b5858ee5fade72e911
    Name  : 00-conecpt
    Typ   : Artifact

  [kein Trigger] id-9905bdf7d77140c4a931348041ad07ba
    Name  : 00-archimatechild
    Typ   : Artifact

  [kein Trigger] id-c846f48a16ec4ad4a3715ced1331a677
    Name  : 01-bpmnarchive
    Typ   : Artifact

  [kein Trigger] id-ec4f2128d31d471e8e53aa6f61f4d1bf
    Name  : 02-xychild
    Typ   : Artifact

  [kein Trigger] id-9f1d90d506484706b90555fe3ee7d6e2
    Name  : TEF00-Ordnerstruktur und Rechtevergabe
    Typ   : TechnologyFunction

  [kein Trigger] id-906e905892e548608de51d46d11c0cdb
    Name  : 01-scripts
    Typ   : Artifact

  [kein Trigger] id-8e41f059f8f34d94acdc809d4f23ada4
    Name  : mappingmodel
    Typ   : Artifact

  [kein Trigger] id-16fad6daceea4c25afbd63a22036a05c
    Name  : 01-principles
    Typ   : Artifact

  [kein Trigger] id-c03f953b205848ba8f11b62529937975
    Name  : Sub Modell <modelname>.archimate
    Typ   : Artifact

  [kein Trigger] id-fb78bb528d4e433cb5e8e4f4a2b29a5f
    Name  : 01-bpmn
    Typ   : Artifact

  [kein Trigger] id-89dc358011344d50a2a3f6678c60c9a6
    Name  : <modelname>.xslx
    Typ   : Artifact

  [kein Trigger] id-45bf382fdad848809c5342a8e77057b0
    Name  : 00-archimatearchive
    Typ   : Artifact

  [kein Trigger] id-41499844342c49a1a59cd4aabbd7cafc
    Name  : 99-export
    Typ   : Artifact

  [kein Trigger] id-a323307c60964671bbe70e7c1b867da8
    Name  : 03-XLSX
    Typ   : Artifact

  [kein Trigger] id-4c262f1af056436493d55536bf8d8ece
    Name  : child_mapping.txt
    Typ   : Artifact

  [kein Trigger] id-18dd7ab2be8d4c54a94a9fc3ae39223b
    Name  : run-scope.txt
    Typ   : Artifact

  [kein Trigger] id-0b1e96ecea35425da1cebdd44c3a51d6
    Name  : 00-bpmnactive
    Typ   : Artifact

  [kein Trigger] id-6abe85a8d6aa4de8974138c5b4bb4e0c
    Name  : 02-xyvision
    Typ   : Artifact

  [kein Trigger] id-89342a51a5104ca29696b1658adb1653
    Name  : 01-mapping
    Typ   : Artifact

  [kein Trigger] id-6e5c0dfb3096468ca6fbe4e045d8e9e1
    Name  : 00-archimateimages
    Typ   : Artifact

  [kein Trigger] id-8e14f139525542bba359e6a616155c2d
    Name  : 02-csv
    Typ   : Artifact

  [kein Trigger] id-630e4b7e9d314e3998628d79704ec863
    Name  : 01-model
    Typ   : Artifact

  [kein Trigger] id-693021fa584d4c6898fdad8daa807658
    Name  : <Prozessname>.xml
    Typ   : Artifact

  [kein Trigger] id-19a088fae4cd4498a10b5ed26855c8b6
    Name  : Archi CSV Stack
    Typ   : Artifact

  [kein Trigger] id-eb3bb263bb9f41fc89cee68944165a94
    Name  : relations.csv
    Typ   : Artifact

  [kein Trigger] id-dad2065546e444a4904e6c70cb2f32e3
    Name  : elements.csv
    Typ   : Artifact

  [kein Trigger] id-a34f55d257234f7fa20f14845586b3a5
    Name  : properties.csv
    Typ   : Artifact

  [kein Trigger] id-ff54c1a6e5c64e378bcebcc23e415d35
    Name  : 01-sync
    Typ   : Artifact

  [kein Trigger] id-a4f6528d4de5411fbda054cc02c4d1c5
    Name  : 03-child
    Typ   : Artifact

  [kein Trigger] id-255642a3db4b4ab0b6f00c0fde9ca65d
    Name  : 02-how2
    Typ   : Artifact

  [kein Trigger] id-22c3a349e29c4b97bc1932a09440a28d
    Name  : fields.csv
    Typ   : Artifact

  [kein Trigger] id-9c05bd6a1dc143a798e925b1607a4ad1
    Name  : mapping.txt
    Typ   : Artifact

  [kein Trigger] id-30cb53d4d36146329c2870e9e531e4e5
    Name  : 99-strukturimages
    Typ   : Artifact

  [kein Trigger] id-ef4ae7dced5b492e9934adb6bce3fd0c
    Name  : context.txt
    Typ   : Artifact

  [kein Trigger] id-71cb3ab136a04237a86fa2a937d756c3
    Name  : 01-archimateactivesub
    Typ   : Artifact

  [kein Trigger] id-1a3a87ff11bb4664b11e3b04b41be2fc
    Name  : 04-notes
    Typ   : Artifact

  [kein Trigger] id-bc547ea6e9ab412aacb7071d2e374229
    Name  : Archi XML Stack
    Typ   : Artifact

  [kein Trigger] id-b593c22f709947638b16e64add7e990d
    Name  : archimate3_Model.xsd
    Typ   : Artifact

  [kein Trigger] id-e558094782ed4d08bbc31b83cf044e20
    Name  : <Modellname>.xml
    Typ   : Artifact

  [kein Trigger] id-2cb395e548a540c8baae3f899f7ecde5
    Name  : archimate3_Diagram.xsd
    Typ   : Artifact

  [kein Trigger] id-c4596a07c5504e4c85fa0427ef712b58
    Name  : archimate3_View.xsd
    Typ   : Artifact

  [kein Trigger] id-3b6821ab5c624a91be21e0275aa69b4b
    Name  : 00-achimatechild
    Typ   : Artifact

  [kein Trigger] id-2533c44b0a984e66b8abda40f4a75b6e
    Name  : 01-bpmnchild
    Typ   : Artifact

  [kein Trigger] id-c191a3f8e5674f70b8f6292c2f7a5eb5
    Name  : R+MUNI help files
    Typ   : Artifact

  [kein Trigger] id-33cec84cb4254f1e9c808176cfde8436
    Name  : FLOW_SCRIPTRUNNER_principles_S3.txt
    Typ   : Artifact

  [kein Trigger] id-ba91148db6b64ee89c4833158f88db42
    Name  : SCRIPT-BAUKASTEN.txt
    Typ   : Artifact

  [kein Trigger] id-4f7f12b4330c484394ce962bad0eeeb1
    Name  : FLOW_SCRIPTRUNNER_How2_S3.txt
    Typ   : Artifact

  [kein Trigger] id-cc0af84e8e3f45e09c319a91a32ec897
    Name  : CSV_FLOW_How2_S3.txt
    Typ   : Artifact

  [kein Trigger] id-e010123cc6e847569d15066b4b32cb73
    Name  : HLP_How2_S3.txt
    Typ   : Artifact

  [kein Trigger] id-6e618946a8bc44149ff1c3572980d947
    Name  : Global GOV.pdf
    Typ   : Artifact

  [kein Trigger] id-ccb6bc9d07ea4899a1554fdf65258062
    Name  : M2B_FLOW_How2_S3.txt
    Typ   : Artifact

  [kein Trigger] id-c3fadf01b1f4402badad30cdcaa327e4
    Name  : 99-bpmnMUNI
    Typ   : Artifact

  [kein Trigger] id-cba39da599364508b76fbeaa30fc52f8
    Name  : master.generated.xml
    Typ   : Artifact

  [kein Trigger] id-086beea937e649459cae69d0a8f9c442
    Name  : 00-archimateactive
    Typ   : Artifact

  [kein Trigger] id-f63fc1f49d204c4aa6ca6f55d5c2ac81
    Name  : 05-Images
    Typ   : Artifact

  [kein Trigger] id-9901256f206d4cba8c9a2204a0ea60bd
    Name  : 00-archimate
    Typ   : Artifact

  [kein Trigger] id-ca7bd9aef88a4fe9804f4d7f5d04870e
    Name  : <Prozessname>.xml
    Typ   : Artifact

  [kein Trigger] id-235277fdf03a4e19956e2776c10b8773
    Name  : 00-master
    Typ   : Artifact

  [kein Trigger] id-da31b582c0d34ac1b8f24a4916a855f7
    Name  : child_mapping.txt
    Typ   : Artifact

  [kein Trigger] id-622f124f00884a1f87cb0bb7fb53383e
    Name  : 00-xml
    Typ   : Artifact

  [kein Trigger] id-b7574a7b092d46198ea3e5d46cdf334f
    Name  : struktur.txt
    Typ   : Artifact

  [kein Trigger] id-c2cefd64e90346c182ad23c43ede76fd
    Name  : Archi Export<modellname>.svg
    Typ   : Artifact

  [kein Trigger] id-e476f1042d744a579f68152ae06aedf0
    Name  : <MUNI Installaionspfad>
    Typ   : Artifact

  [kein Trigger] id-b41115294b6f491ca603d213a9e71576
    Name  : BPMN 2.0 Export<modellname>.svg (copy)
    Typ   : Artifact

  [kein Trigger] id-7af8774ec9f4495daa4ab25210ca787f
    Name  : 02-sync
    Typ   : Artifact

  [kein Trigger] id-03daec5d29bd4b189ca2a5496252e5b7
    Name  : 00-governance
    Typ   : Artifact

  [kein Trigger] id-afc66898b347400e922f0b5b730be0ba
    Name  : 01-bpmnchild
    Typ   : Artifact

  [kein Trigger] id-08ebdb53c6424e198e2420265f77df9d
    Name  : 99-logs
    Typ   : Artifact

  [kein Trigger] id-9e056f29d0ef414cb59e97e0dddd26bd
    Name  : 00-archimatechild
    Typ   : Artifact

  [kein Trigger] id-ab375f1a7ba0476dbe2094bb119ad2e5
    Name  : FLOW Stack
    Typ   : Artifact

  [kein Trigger] id-16ba8f76d2e14f9b86e9ca9dc56e30ee
    Name  : flow.py
    Typ   : Artifact

  [kein Trigger] id-06c671c503a54f5f943a7c7b981fbfd8
    Name  : flowmapping.txt
    Typ   : Artifact

  [kein Trigger] id-9018378080544ceabdbe43683aa6df2d
    Name  : 01-bpmnimages
    Typ   : Artifact

  [kein Trigger] id-44703bb8c25a4bc7b970e3569258c4b6
    Name  : 99-exports
    Typ   : Artifact

  [kein Trigger] id-7059aaa0f076480895a2b1eb11b98689
    Name  : 00-master
    Typ   : Artifact

  [kein Trigger] id-05b984b42a2341f9b9ef629cbcfba788
    Name  : CSV Stack
    Typ   : Artifact

  [kein Trigger] id-baa4841b6dd8418f9c024f861d47bf59
    Name  : CSV00-validate_environment.py
    Typ   : Artifact

  [kein Trigger] id-e0191ed72d4042b39a9ef304f6881ead
    Name  : CSV01-validate_model.py
    Typ   : Artifact

  [kein Trigger] id-094cdbbde88247b6aeaa20d271264ede
    Name  : CSV02-leer.py
    Typ   : Artifact

  [kein Trigger] id-2e997ebf75a5429888b81725f8b48189
    Name  : CSV03-resolve_run_scope.py
    Typ   : Artifact

  [kein Trigger] id-f0a5754f797c44acbcef4a3c321f5998
    Name  : CSV04-model-overview.py
    Typ   : Artifact

  [kein Trigger] id-5728e0a79ca1472f8c31640237180e77
    Name  : CSV05-create_master_csvs.py
    Typ   : Artifact

  [kein Trigger] id-0699461668eb4216b62dec82887521bd
    Name  : CSV06-append_child_to_master.py
    Typ   : Artifact

  [kein Trigger] id-f4fa780a9ba6490c912ce5ce953525f1
    Name  : CSV07-xlsx_2_csv.py
    Typ   : Artifact

  [kein Trigger] id-208c84ba2c9e49caacd4c1f947b3de61
    Name  : CSV08-properties2csv.py
    Typ   : Artifact

  [kein Trigger] id-8ec264da9f034c63af7d1bb8d7172d8e
    Name  : CSV09-masterxml2csv.py
    Typ   : Artifact

  [kein Trigger] id-7e81ae44cbc145d38fc4bca88fbcda3a
    Name  : CSV99-export_snapshot.py
    Typ   : Artifact

  [kein Trigger] id-c5ed512bbd0449128f0158fa32312d3c
    Name  : 04-flow
    Typ   : Artifact

  [kein Trigger] id-993d7651ca474aecb5dcec2b1f3f12c2
    Name  : 03-child
    Typ   : Artifact

  [kein Trigger] id-62ce4ccfc17a4262923120c1dbd89759
    Name  : 02-xyarchive
    Typ   : Artifact

  [kein Trigger] id-de59190d08084a388e565d0d8011eb0b
    Name  : jArchi Scirpts
    Typ   : Artifact

  [kein Trigger] id-f92597e4cb0b46dabba8381bde32c807
    Name  : jA01-Validierung Namen.ajs
    Typ   : Artifact

  [kein Trigger] id-88dd36e30889463bb8a9837d12636ecb
    Name  : 02-xychild
    Typ   : Artifact

  [kein Trigger] id-431fcd20fc54416c92b0dec9c56b2696
    Name  : 02-import
    Typ   : Artifact

  [kein Trigger] id-de25f48ad4ec478d9b2bc32cefe7e748
    Name  : csvexport.txt
    Typ   : Artifact

  [kein Trigger] id-1a6d3525d5054a8c96ec18a7e1da0281
    Name  : 00-master
    Typ   : Artifact

  [kein Trigger] id-8b2217d22dd543e6b53af478d13e476e
    Name  : 01-mapping
    Typ   : Artifact

  [kein Trigger] id-e269c4e7c8ae4ebab59f6c3343ffdace
    Name  : 02-xychild
    Typ   : Artifact

  [kein Trigger] id-25b12bd718974485b7ce4842d091dc58
    Name  : csvmapping.txt
    Typ   : Artifact

  [kein Trigger] id-206eef35195c44a7bf2f4326ac2f2d37
    Name  : propmapping.txt
    Typ   : Artifact

  [kein Trigger] id-cb24c209dba2492b86d41b7665a66a42
    Name  : 05-images
    Typ   : Artifact

  [kein Trigger] id-58e6c8520ade4c84ba5cbdbe1a58dbfc
    Name  : 00-archimateimages
    Typ   : Artifact

  [kein Trigger] id-4f443466e6e3409eabb5aaf5085c79f3
    Name  : 01-bpmnimages
    Typ   : Artifact

  [kein Trigger] id-3d6fde8a819246a19f3f024a67b67a6f
    Name  : 99-strukturimages
    Typ   : Artifact

  [kein Trigger] id-5020d1ea7b3e402da7f0b518307db998
    Name  : model-scope.txt
    Typ   : Artifact

  [kein Trigger] id-57aabc37640641ed978372ba1a0e9d73
    Name  : M2B Stack
    Typ   : Artifact

  [kein Trigger] id-a11bb4e82514467e8045cbb18a511b79
    Name  : M2B00-root_resolve.py
    Typ   : Artifact

  [kein Trigger] id-2f0815725ac34ea8835d7d96a8c1335b
    Name  : M2B01-master_extract.py
    Typ   : Artifact

  [kein Trigger] id-c5af2c3deaf14fc3bd0be93b918dc798
    Name  : M2B02-activate_model.py
    Typ   : Artifact

  [kein Trigger] id-44d81207b1844b3e859aa0f1be6c88d0
    Name  : M2B03-clear.py
    Typ   : Artifact

  [kein Trigger] id-dffac2aa7bc9470890066b2945899e8d
    Name  : M2B04-reconcile_enrich.py
    Typ   : Artifact

  [kein Trigger] id-173180eb82994f94a2f32c9acbfdabdd
    Name  : flowdiscover.py
    Typ   : Artifact

  [kein Trigger] id-a67dbd1efb464154975322222a5bd8cd
    Name  : flowtriggers.txt
    Typ   : Artifact

  [kein Trigger] id-b9e65e6f511143c588ccca1f8c260c69
    Name  : M2B05-writeback_master.py
    Typ   : Artifact

  [kein Trigger] id-e514ddc3d0f645ba972f8c8a742d91ae
    Name  : M2B06-scope_snapshot
    Typ   : Artifact

  [kein Trigger] id-b87a2a710fe449239ae407d258e078ca
    Name  : HLP_principles_S3.txt
    Typ   : Artifact

  [kein Trigger] id-e488abe69ca64658ac42209afd2835d9
    Name  : M2B_FLOW_principles_S3.txt
    Typ   : Artifact

  [kein Trigger] id-bb95c49b2e20486ba893d3a699fb0ccc
    Name  : AI_DRIVEN_DEV_METHODE.txt
    Typ   : Artifact

  [kein Trigger] id-b0be8a69d06f48978a6934f3a61f571b
    Name  : CSV_FLOW_principles_S3.txt
    Typ   : Artifact

  [kein Trigger] id-66aac9016c6545948aa5c5f18983ae19
    Name  : XML_FLOW_principles_S3.txt
    Typ   : Artifact

  [kein Trigger] id-b973a232dadd4a79a7e0895092b07afc
    Name  : XML_FLOW_How2_S3.txt
    Typ   : Artifact

  [kein Trigger] id-00cf324bb2fa4fc5aa96f88a0f152c35
    Name  : 03-roesetta_stone
    Typ   : Artifact

  [kein Trigger] id-31233eb0dae34273bbf5731033eb55a2
    Name  : Rosetta_Stone_Block1_Views.txt
    Typ   : Artifact

  [kein Trigger] id-ac1f6b202349420999ff13635ea8e206
    Name  : Rosetta_Stone_Block2_Artifacts_Scripts.txt
    Typ   : Artifact

  [kein Trigger] id-a748d0502cea431a895155370b95249d
    Name  : Rosetta_Stone_Block3_Begriffe_Konzepte.txt
    Typ   : Artifact

----------------------------------------

Datei: 02-artifacts\00-xml\03-child\00-archimatechild\R+Muni Architecture Modell.xml
  [kein Trigger] id-081d94ae4980441e9b29dcc553b77aa0
    Name  : RES00-Eigenmittel
    Typ   : Resource

  [kein Trigger] id-6a2333e59af14a0fafb3acb889a9cd39
    Name  : RES01-Gaming Hardware
    Typ   : Resource

  [kein Trigger] id-2409c8327b9048cd800ad824e9b69e74
    Name  : CAP03-Projektmanagemen
    Typ   : Capability

  [kein Trigger] id-36208904226a410cbfd08f8c171ea497
    Name  : CAP02-Modell Know How
    Typ   : Capability

  [kein Trigger] id-d2c06c8e7f184d0a87bae234afd35bb8
    Name  : CAP00-IT Infrastruktur Know How
    Typ   : Capability

  [kein Trigger] id-977695ea242249bdb2b04041b936b8fc
    Name  : CAP01-Modellierungs Know How
    Typ   : Capability

  [kein Trigger] id-6e36fdfb918c4240acbee5fcf51faf94
    Name  : VAS04-R+MUNI
    Typ   : ValueStream

  [kein Trigger] id-9df74ba77e634bf19e046fbcdedeaf98
    Name  : VAS00-Enabling
    Typ   : ValueStream

  [kein Trigger] id-d0481fda2c9347638cd7f163f57ae765
    Name  : VAS02-Individualisierungen
    Typ   : ValueStream

  [kein Trigger] id-ee2df5d1790f4035914f33468504ddb6
    Name  : VAS05-Unterstützungsleistungen
    Typ   : ValueStream

  [kein Trigger] id-b3b2b665e3dd4de7b72353031c0228be
    Name  : VAS01-Feature Upgrades
    Typ   : ValueStream

  [kein Trigger] id-f25940021ed2491e882cbfc90aab9c0f
    Name  : COA00-R+MUNI 1.0 Internal Release
    Typ   : CourseOfAction

  [kein Trigger] id-2ef9b591145c4d6594e322bfd4b4d9c1
    Name  : VAS03-Klarheit über Fragestellungen
    Typ   : ValueStream

  [kein Trigger] id-32a504ae21274b1ba2809f15c3f99ca2
    Name  : BUA00-R+MUNI Dude (ME)
    Typ   : BusinessActor

  [kein Trigger] id-07de8542053d4739b7fa1a98bbe59798
    Name  : BUR01-Entwickler
    Typ   : BusinessRole

  [kein Trigger] id-866783f5689b4893a8f70b6350ce0c2e
    Name  : BUR02-Modellierer
    Typ   : BusinessRole

  [kein Trigger] id-f116ad32a5f94363be4fa5093fba5e13
    Name  : BUR00-Consultant
    Typ   : BusinessRole

  [kein Trigger] id-6ac1e83e5f504bab855953587a815128
    Name  : BUS03-PreSales Consultant Service
    Typ   : BusinessService

  [kein Trigger] id-ae45ebc72b884142adb642ba4fd338a5
    Name  : BUS00-First Time Setup
    Typ   : BusinessService

  [kein Trigger] id-af9fcf6cc64a49528dbf268d944f5747
    Name  : BUS04-Visuelle Diagramm Service
    Typ   : BusinessService

  [kein Trigger] id-4ef15ecc93914e9480ca060b037a7861
    Name  : BUS02-MUNI Schulungs Service
    Typ   : BusinessService

  [kein Trigger] id-394ce819ab194ca09c10b6671ea3a587
    Name  : BUP04-R+MUNI entwickeln
    Typ   : BusinessProcess

  [kein Trigger] id-5b10384809f94f15a0bc399b68f7cdf6
    Name  : BUP07-Visuelle Modelle erstellen
    Typ   : BusinessProcess

  [kein Trigger] id-6d76f68d89d44f9491a836e9e993d2d7
    Name  : BUP01-Lösung für Anforderung erarbeiten
    Typ   : BusinessProcess

  [kein Trigger] id-6132cbb6e22143e3a4a8f1e18ae8aabc
    Name  : BUP02-Lösung präsentieren
    Typ   : BusinessProcess

  [kein Trigger] id-bfe411b764cb4400aa04321e5da21131
    Name  : BUP06-Schulung durchführen
    Typ   : BusinessProcess

  [kein Trigger] id-486ae814a4cf4dde90c3a130c6441454
    Name  : BUP05-R+MUNI installieren
    Typ   : BusinessProcess

  [kein Trigger] id-ec42131fce17464ababb7bedfe11f468
    Name  : BUP03-R+MUNI anpassen
    Typ   : BusinessProcess

  [kein Trigger] id-0b7a5ed5e5204f918fe105b956a4c660
    Name  : BUS01-Individual Anpassungen
    Typ   : BusinessService

  [kein Trigger] id-2846035edbac4e1eac7b177be2423e6b
    Name  : BUO04-Visuelle Darstellung
    Typ   : BusinessObject

  [kein Trigger] id-db304cccdbbd45169fd50eeb4b7d1e0b
    Name  : BUO02-Referenzdoku
    Typ   : BusinessObject

  [kein Trigger] id-01eb201c03bb4d7c9844a47cfef98e15
    Name  : PRO00-R+MUNI
    Typ   : Product

  [kein Trigger] id-1cbdbc8e6f784df3a399105b7dab5a00
    Name  : BUO00-FLOW
    Typ   : BusinessObject

  [kein Trigger] id-5dc55f30f09e4374bfe9272f8d296b86
    Name  : BUI00-Archimate Tool GUI
    Typ   : BusinessInterface

  [kein Trigger] id-fba788f076224c86933b5712d75db7c5
    Name  : BUI02-BPMN 2.0 Tool GUI
    Typ   : BusinessInterface

  [kein Trigger] id-0f0b8b3ec7104ab9a902e773a818553f
    Name  : BUP00-3rd Party Import
    Typ   : BusinessProcess

  [kein Trigger] id-d0181862971f480fa8be0970994b539d
    Name  : BUF00-3rd Party Importer
    Typ   : BusinessFunction

  [kein Trigger] id-a9a69e2bb4b049dd98a7b5c9ff6f14ae
    Name  : BUF05-Prozess Modellierer
    Typ   : BusinessFunction

  [kein Trigger] id-c6d3e60758a9458999a60602f3a3b93e
    Name  : BUF01-Architektur & Business Modellierer
    Typ   : BusinessFunction

  [kein Trigger] id-1728306f843245c28cdf4c03f931735c
    Name  : BUF02-HTML Report erstellen
    Typ   : BusinessFunction

  [kein Trigger] id-6bffa26862a54464b2b248ebe318aaf2
    Name  : BUF03-Image Export
    Typ   : BusinessFunction

  [kein Trigger] id-515413fa45a343748eed2ef0e5bdc06f
    Name  : BUF04-Prozess Automation light
    Typ   : BusinessFunction

  [kein Trigger] id-679267bc304a4ae9a219d825b129fd93
    Name  : BUI01-Editor GUI
    Typ   : BusinessInterface

  [kein Trigger] id-3e7289a052c94b5d88d08a7e659241d3
    Name  : BUI03-HTML Web GUI
    Typ   : BusinessInterface

  [kein Trigger] id-820007ce24d54d45baa6966d0e52c668
    Name  : BUO01-HTML Report
    Typ   : BusinessObject

  [kein Trigger] id-529381f99030453d81330cb99689cb2c
    Name  : BUO03-Referenzmodelle
    Typ   : BusinessObject

  [kein Trigger] id-254704aef3534da5b3863619168df04b
    Name  : BUF06-Selbsthilfe
    Typ   : BusinessFunction

  [kein Trigger] id-7ebdb2a2d877437b8d3b8945b31aff5e
    Name  : APC00-Archi 5.8
    Typ   : ApplicationComponent

  [kein Trigger] id-09378af6e4e54c2bb56f37b056b411d0
    Name  : API00-Archi Gui
    Typ   : ApplicationInterface

  [kein Trigger] id-c6a30b40e8e04dfeb8c9ae3b58ae9d0f
    Name  : APF05-CSV Export
    Typ   : ApplicationFunction

  [kein Trigger] id-47eece96f6ef4f8c887079832c9c8d32
    Name  : APF00-Archmiate Modellierung
    Typ   : ApplicationFunction

  [kein Trigger] id-04d63fc625ef46dd99d301c9d647a626
    Name  : APF06-CSV Import
    Typ   : ApplicationFunction

  [kein Trigger] id-8f6f20af5c0149b5aaf5f395b705cddf
    Name  : APF16-Open Exchange Format Export
    Typ   : ApplicationFunction

  [kein Trigger] id-31b2b9431eb741fe845bf7420bcb36b4
    Name  : APF15-Open Exchange Format Import
    Typ   : ApplicationFunction

  [kein Trigger] id-e8080291c32346dcb551767309760561
    Name  : APF09-EXCEL Export
    Typ   : ApplicationFunction

  [kein Trigger] id-ddc5d5f706b24d0482ae3f7e504c8638
    Name  : DAO02-Archi CSV Stack
    Typ   : DataObject

  [kein Trigger] id-bc0b10d6225147619307d89e11def2b4
    Name  : DAO04-Archi XML Stack
    Typ   : DataObject

  [kein Trigger] id-a5a178d05fd94bd9ba6a199ddd6a6e21
    Name  : DOA12-Main Archi <modellname>
    Typ   : DataObject

  [kein Trigger] id-508d8fb39ffa4a62bd09d5abab1f79bd
    Name  : DAO07-Sub Archi <modellname>
    Typ   : DataObject

  [kein Trigger] id-e7247550ca144a27a94f66268ab718ff
    Name  : DAO03-Archi <modellname>.xlsx
    Typ   : DataObject

  [kein Trigger] id-8e3e68f7c3b54c6d996c1c65cd4d3eab
    Name  : APC01-Camunda Modeler
    Typ   : ApplicationComponent

  [kein Trigger] id-f40225e3f9504ddfa56eb22b95fc3ce9
    Name  : APF01-BPMN 2.0 Modellierung
    Typ   : ApplicationFunction

  [kein Trigger] id-afb6eefbbd0548699e65384387b61759
    Name  : DAO05-BPMN<Prozessname>.bpmn
    Typ   : DataObject

  [kein Trigger] id-c3eb6d0e5d344ee788f5eb1a41b1a95e
    Name  : APF03-Camunda 7 Modelle
    Typ   : ApplicationFunction

  [kein Trigger] id-01ab2c652ce64460b1b4e2932e725a6e
    Name  : APF04-Camunda 8 Modelle
    Typ   : ApplicationFunction

  [kein Trigger] id-df247b5f9ebb4d768ec0d00b795e3502
    Name  : APC03-FLOW Routine
    Typ   : ApplicationComponent

  [kein Trigger] id-48a16234b4e4448cb38d7d66c3ae8f87
    Name  : APF14-Prozessautomatisierung light
    Typ   : ApplicationFunction

  [kein Trigger] id-5e8a5cc38c3341a1b92b5c6588d11027
    Name  : DAO08-FLOW
    Typ   : DataObject

  [kein Trigger] id-2aaf978df8a5498288322fc2dc707c09
    Name  : ACO00-R+MUNI
    Typ   : ApplicationCollaboration

  [kein Trigger] id-1e951c3ecb254860b2a829c8ca2895c3
    Name  : APC02-Crome Browser
    Typ   : ApplicationComponent

  [kein Trigger] id-a3a7ba26228142be94e11c8099b1f549
    Name  : APF02-Brower Funktion
    Typ   : ApplicationFunction

  [kein Trigger] id-55bf18ce80c64078a01cd08d1249ce34
    Name  : DAO10-Guidelines
    Typ   : DataObject

  [kein Trigger] id-da9bf2a418c3489e8a3ad16632c02566
    Name  : APF12-Reader Funkion
    Typ   : ApplicationFunction

  [kein Trigger] id-f0c53e2b0d4c45f78453cfe7ea090c5e
    Name  : APC04-Notepad ++
    Typ   : ApplicationComponent

  [kein Trigger] id-ffd948a082514d22a9efa9f9c576d4b3
    Name  : DAO09-Scripts
    Typ   : DataObject

  [kein Trigger] id-f65114adf355489496223cedcc6ab65b
    Name  : DOA11-R+MUNI Info Files
    Typ   : DataObject

  [kein Trigger] id-1b2321b1993f432d867aab233c737a41
    Name  : API01-Camunda Modeler GUI
    Typ   : ApplicationInterface

  [kein Trigger] id-7351980e1fd84ab1b1cef85e7f32a470
    Name  : API03-FLOW
    Typ   : ApplicationInterface

  [kein Trigger] id-def2bc7d7c89434f96b6ebb74efdaa19
    Name  : API04-Notepad++ GUI
    Typ   : ApplicationInterface

  [kein Trigger] id-39f6158dcef44d1bbc05659f4ba42766
    Name  : API02-Crome GUI
    Typ   : ApplicationInterface

  [kein Trigger] id-94f52e6fd1f644e7938c274d6da9f223
    Name  : APF08-Editor
    Typ   : ApplicationFunction

  [kein Trigger] id-c30bd7d49b334338b26168831305c559
    Name  : APF10-Selbsthilfeanleitung
    Typ   : ApplicationFunction

  [kein Trigger] id-addcef0ebfe342a69591631d2e052ae1
    Name  : APF07-EA Image Export
    Typ   : ApplicationFunction

  [kein Trigger] id-f1540c55f6c5425fad4108630fe705d0
    Name  : APF13-Prozess Image Export
    Typ   : ApplicationFunction

  [kein Trigger] id-09f50620d3b840568670d86b175bad08
    Name  : DAO06-BPMN<Prozessname>.svg
    Typ   : DataObject

  [kein Trigger] id-0d2616a6f51b4263867f2d42d6176276
    Name  : DAO00-Archi<modellname>.svg
    Typ   : DataObject

  [kein Trigger] id-73f92331be754642b7ec3de3649fa263
    Name  : APF11-Image Export
    Typ   : ApplicationFunction

  [kein Trigger] id-330b8be07ec340f7ad5f737cdb2baaef
    Name  : DEV00-Gaming PC
    Typ   : Device

  [kein Trigger] id-26ef9465c2b34a1186baeb41ef79f144
    Name  : SYS00-Windows 11 Enterprise
    Typ   : SystemSoftware

  [kein Trigger] id-3801d23e5b0742caa1c245f5cc684659
    Name  : <MUNI Installaionspfad>
    Typ   : Artifact

  [kein Trigger] id-67238b8b8bdf4bf087811d222bd6d35e
    Name  : 00-conecpt
    Typ   : Artifact

  [kein Trigger] id-c0889d4beb7e44f39c958afece722642
    Name  : TEF00-Ordnerstruktur und Rechtevergabe
    Typ   : TechnologyFunction

  [kein Trigger] id-df54a4afebb940159e2e167c6bd51590
    Name  : Aktives Modell <modelname>.archimate
    Typ   : Artifact

  [kein Trigger] id-5f5e6a2f8b2b4f05b93a6d4b150bbb7c
    Name  : SYS01-Python 3 run
    Typ   : SystemSoftware

  [kein Trigger] id-7c959626b8a148edbaaa9cac7eeeabfd
    Name  : SYS02-Powershell 7.x
    Typ   : SystemSoftware

  [kein Trigger] id-8afbbd03b18345aab637c301ad02fdfc
    Name  : TEF01-Ausführen von Applikationen
    Typ   : TechnologyFunction

  [kein Trigger] id-fc24f92fe23e4e418f4e2d8d929ad4e8
    Name  : 00-governance
    Typ   : Artifact

  [kein Trigger] id-f1759c4923a14c18a00a280ebc1bd5fb
    Name  : 01-principles
    Typ   : Artifact

  [kein Trigger] id-aa845dc3dd9643c0864ab4fb0a14f2e2
    Name  : 01-model
    Typ   : Artifact

  [kein Trigger] id-e6c44296dec141d09e6e167b76c67dbc
    Name  : 00-archimate
    Typ   : Artifact

  [kein Trigger] id-2432ddd6b6174763a7920664aabba94a
    Name  : 00-archimateactive
    Typ   : Artifact

  [kein Trigger] id-efb9dae04b7248078fca7c50c3990ddb
    Name  : 01-archimateactivesub
    Typ   : Artifact

  [kein Trigger] id-553b577e2b114fcbb065d0ca7906d8de
    Name  : mappingmodel
    Typ   : Artifact

  [kein Trigger] id-b16e703ffbce4aab8ae8f9f2daff15b8
    Name  : Sub Modell <modelname>.archimate
    Typ   : Artifact

  [kein Trigger] id-7cb68d3af8e64fe0bfbd8dd739fc94b2
    Name  : 01-bpmn
    Typ   : Artifact

  [kein Trigger] id-2029f33933f74f3db7ab866b8f818fea
    Name  : 00-bpmnactive
    Typ   : Artifact

  [kein Trigger] id-52b8b9907125440b811d94e566c9f3e5
    Name  : 99-bpmnMUNI
    Typ   : Artifact

  [kein Trigger] id-f90dd38c876e474789b2cf9ef0a3886c
    Name  : 02-xyvision
    Typ   : Artifact

  [kein Trigger] id-703d177e06944d70a768e0e09972010c
    Name  : 02-artifacts
    Typ   : Artifact

  [kein Trigger] id-cf8e8ebe1a684325bbf38566363e7d60
    Name  : 00-xml
    Typ   : Artifact

  [kein Trigger] id-4ff10a8a7da443eaa389772534133e18
    Name  : 00-master
    Typ   : Artifact

  [kein Trigger] id-6ecb132118034bb7893d155b74561da7
    Name  : 01-mapping
    Typ   : Artifact

  [kein Trigger] id-5adf2e1e934f4614b786aeb05587b22e
    Name  : 02-sync
    Typ   : Artifact

  [kein Trigger] id-d669820fdab242a882edb06f096aef40
    Name  : 03-child
    Typ   : Artifact

  [kein Trigger] id-a2d84483c2fc4ed58ba1ece489eb123a
    Name  : 00-archimatechild
    Typ   : Artifact

  [kein Trigger] id-7d00cf3f122b4354bbb1c365380a673d
    Name  : 01-bpmnchild
    Typ   : Artifact

  [kein Trigger] id-09988db47e204da982c24f8f7ee3ddbe
    Name  : 01-scripts
    Typ   : Artifact

  [kein Trigger] id-ae0e2f9a2f4e46a28c6ca18d18935123
    Name  : CSV00-validate_environment.py
    Typ   : Artifact

  [kein Trigger] id-3e3d4e768b0246649ef0b175e7aa197b
    Name  : CSV01-validate_model.py
    Typ   : Artifact

  [kein Trigger] id-bfafc5e517ad4a21827af94f34798d37
    Name  : CSV02-leer.py
    Typ   : Artifact

  [kein Trigger] id-11fa562d8b694b6485d113ff1110ddc7
    Name  : CSV03-resolve_run_scope.py
    Typ   : Artifact

  [kein Trigger] id-e717aa4d050d43c2a29b8b0c10952185
    Name  : CSV04-model-overview.py
    Typ   : Artifact

  [kein Trigger] id-6aefe34537be438b82774c5552a470b4
    Name  : CSV05-create_master_csvs.py
    Typ   : Artifact

  [kein Trigger] id-b2e07ba73c564d048c442eb768591a14
    Name  : CSV06-append_child_to_master.py
    Typ   : Artifact

  [kein Trigger] id-3557941f7afc47e7883eccc6583c752b
    Name  : CSV07-xlsx_2_csv.py
    Typ   : Artifact

  [kein Trigger] id-25c68fcab8104cc3b5e4b9c2732c4ff5
    Name  : CSV08-properties2csv.py
    Typ   : Artifact

  [kein Trigger] id-bad158ba97ab468e8efce12418304f8b
    Name  : CSV09-masterxml2csv.py
    Typ   : Artifact

  [kein Trigger] id-d61d05f588e04f9d97bfeccd1706a0b8
    Name  : CSV99-export_snapshot.py
    Typ   : Artifact

  [kein Trigger] id-86384c38b4124983adac2f6b36c33752
    Name  : XML00-resolve_root.py
    Typ   : Artifact

  [kein Trigger] id-2dc3033da20c4816952e3e58e0a3d33b
    Name  : CSV Scripts
    Typ   : Artifact

  [kein Trigger] id-24a3882190604c2399da7ec4acd016f2
    Name  : XML Scripts
    Typ   : Artifact

  [kein Trigger] id-64cbb37f1d6843c2995633f313d674e7
    Name  : 02-csv
    Typ   : Artifact

  [kein Trigger] id-8feba5bc365f4a0dbfa8ae8f39ef897d
    Name  : 00-master
    Typ   : Artifact

  [kein Trigger] id-98186bf641f849fd8a286e607a33dfef
    Name  : 01-sync
    Typ   : Artifact

  [kein Trigger] id-0abce2ba62ef496f9c1d531a1f5341c4
    Name  : 02-import
    Typ   : Artifact

  [kein Trigger] id-da0d67fcb40e49e6b17e35f090263ee6
    Name  : 03-child
    Typ   : Artifact

  [kein Trigger] id-bd4ab2865df44bc0ab417148472398ff
    Name  : 99-exports
    Typ   : Artifact

  [kein Trigger] id-f69c0b641e39412a8c86b78e3d5a56c1
    Name  : 00-archimatechild
    Typ   : Artifact

  [kein Trigger] id-bd546713d1e140b5bf7ab296f7276d28
    Name  : 01-bpmnchild
    Typ   : Artifact

  [kein Trigger] id-3b5c9f334a4045e9ad77dbacf4e1c13c
    Name  : elements.csv
    Typ   : Artifact

  [kein Trigger] id-c0ebc1f1f9064341b7c43020caac2445
    Name  : properties.csv
    Typ   : Artifact

  [kein Trigger] id-7a4d61544fc34ea39ea45d4a563a95cf
    Name  : relations.csv
    Typ   : Artifact

  [kein Trigger] id-bf9090f81a92404bbbd1125191516eae
    Name  : Archi CSV Stack
    Typ   : Artifact

  [kein Trigger] id-4868113fba6d42e0a8c0002e62faf717
    Name  : archimate3_Diagram.xsd
    Typ   : Artifact

  [kein Trigger] id-69cc2486fdeb4261a8ee5e56a10fe450
    Name  : archimate3_Model.xsd
    Typ   : Artifact

  [kein Trigger] id-c9a6fc34ac91416d99e94efca7872082
    Name  : archimate3_View.xsd
    Typ   : Artifact

  [kein Trigger] id-52a74f472229413fb03abd547a3605f2
    Name  : <Modellname>.xml
    Typ   : Artifact

  [kein Trigger] id-435b9a3c53a6429aac791296ddd53be3
    Name  : Archi XML Stack
    Typ   : Artifact

  [kein Trigger] id-ef26482113a244f8857ca02291ce2458
    Name  : SCRIPT-BAUKASTEN.txt
    Typ   : Artifact

  [kein Trigger] id-8e1181a5967a4127b483d772c09bc098
    Name  : master.generated.xml
    Typ   : Artifact

  [kein Trigger] id-1d34300233134d50bb7c594c8a0b2fe3
    Name  : <Prozessname>.xml
    Typ   : Artifact

  [kein Trigger] id-5121e470344444bfa23f2f76357bf06a
    Name  : <Prozessname>.xml
    Typ   : Artifact

  [kein Trigger] id-1a1580f8317c44e5b3ba32abfd78c582
    Name  : Flow.txt
    Typ   : Artifact

  [kein Trigger] id-cd65f4e4000340d78c3330f9021a097a
    Name  : 03-XLSX
    Typ   : Artifact

  [kein Trigger] id-2b5019588b4b43fc8bd6b83870520f6d
    Name  : 03-child
    Typ   : Artifact

  [kein Trigger] id-128a29c03e7948b59826fd7cdbd652d6
    Name  : <Prozessname>.xml
    Typ   : Artifact

  [kein Trigger] id-3a519e2423c34ab890615eb7203844e4
    Name  : 00-achimatechild
    Typ   : Artifact

  [kein Trigger] id-335a90bca2c14a48b46b07f3ea293581
    Name  : 01-bpmnchild
    Typ   : Artifact

  [kein Trigger] id-10cb891001ee46b392e0e42580ec4927
    Name  : 99-export
    Typ   : Artifact

  [kein Trigger] id-bce924b71e1a436f9e2bb7387b035e44
    Name  : <modelname>.xslx
    Typ   : Artifact

  [kein Trigger] id-efd80e6da28b423090cf37edefc994a6
    Name  : 02-how2
    Typ   : Artifact

  [kein Trigger] id-c463f8bb769045d69ad94d18966778e0
    Name  : How2Flow.txt
    Typ   : Artifact

  [kein Trigger] id-d78aa55ac77547968a751475900c99a6
    Name  : child_mapping.txt
    Typ   : Artifact

  [kein Trigger] id-7a6404a95a9649a59043c11765f1caa9
    Name  : fields.csv
    Typ   : Artifact

  [kein Trigger] id-bbacb57e1c2a4dbc97e9ce2167dac02d
    Name  : 04-flow
    Typ   : Artifact

  [kein Trigger] id-c179c9d2c3a34ceb8b5416623a766f5d
    Name  : flow.py
    Typ   : Artifact

  [kein Trigger] id-16a5c562775c43f6a2e49313af8233ea
    Name  : flowmapping.txt
    Typ   : Artifact

  [kein Trigger] id-57028807eae14229bdf48135c371658e
    Name  : jArchi Scirpts
    Typ   : Artifact

  [kein Trigger] id-4285b27858de432b9c43a37a03be8650
    Name  : 03-stages
    Typ   : Artifact

  [kein Trigger] id-11f6aee99e68415d98c230336bab56b8
    Name  : 00-archimatearchive
    Typ   : Artifact

  [kein Trigger] id-49802e45151f45788dd846a5cd7ba3cd
    Name  : 01-bpmnarchive
    Typ   : Artifact

  [kein Trigger] id-541922a9acb0435085f01ffdc099b36f
    Name  : 99-logs
    Typ   : Artifact

  [kein Trigger] id-7ad20f80e87e4742a893432b1af5cb59
    Name  : jA01-Validierung Namen.ajs
    Typ   : Artifact

  [kein Trigger] id-761cb0b011794169a2b59da607456ef0
    Name  : FLOW Stack
    Typ   : Artifact

  [kein Trigger] id-968c0fdb37f24c048fab4bd3fc03d3a7
    Name  : MAT03-TOGAF 10 Guides
    Typ   : Material

  [kein Trigger] id-3d4fcfb5aad74f028f45d48cdc62d158
    Name  : MAT02-Archimate 3.2 Guides
    Typ   : Material

  [kein Trigger] id-724e6e7411f34c388c44f9c9f56ad865
    Name  : MAT01-BPMN 2.0 Guides
    Typ   : Material

  [kein Trigger] id-8c7d81f165824a259ad1810b6de8aef8
    Name  : CON00-Internet
    Typ   : CommunicationNetwork

  [kein Trigger] id-6b0d235775a645478a85fb1cade0ade2
    Name  : NOD00-Fritz Box Router
    Typ   : Node

  [kein Trigger] id-1e3d56c118704a8a9d0a13336f67cac7
    Name  : 02-xychild
    Typ   : Artifact

  [kein Trigger] id-dcebe4b61e054f449ab256c1ff499faf
    Name  : 02-xychild
    Typ   : Artifact

  [kein Trigger] id-9af4b89994c64e31a69cd73cc332135a
    Name  : 02-xyarchive
    Typ   : Artifact

  [kein Trigger] id-5d1f453c2ff14226aa23b5c156dd3bd5
    Name  : 04-notes
    Typ   : Artifact

  [kein Trigger] id-8b04fa4d7fee40649b2fa0cdd1ec529d
    Name  : root.txt
    Typ   : Artifact

  [kein Trigger] id-83b0b2e5f7024f82b15e01d2978819ad
    Name  : context.txt
    Typ   : Artifact

  [kein Trigger] id-baf245d555b94f70b83708af87b1dd62
    Name  : run-scope.txt
    Typ   : Artifact

  [kein Trigger] id-8df9225832b94a1284639ff6e1e65e58
    Name  : struktur.txt
    Typ   : Artifact

  [kein Trigger] id-a0fb68244ac643c1bf4759a5c77e709e
    Name  : TEI01-Powershell Konsolen GUI
    Typ   : TechnologyInterface

  [kein Trigger] id-b2283085c7bc4b2da7e0e3984790f188
    Name  : TEI00-OS GUI
    Typ   : TechnologyInterface

  [kein Trigger] id-360a083ec5544500bf2c5f0c8d744d77
    Name  : MAT00-Guides & Normen
    Typ   : Material

  [kein Trigger] id-d85c2a5a091347e0b4ea46c4fcc3cc49
    Name  : R+MUNI help files
    Typ   : Artifact

  [kein Trigger] id-134e9cb2112a4c6b8dc5c8b737e30379
    Name  : 05-Images
    Typ   : Artifact

  [kein Trigger] id-971b93a7090948d899d956c060bf144a
    Name  : 00-archimateimages
    Typ   : Artifact

  [kein Trigger] id-72f7e53ad2404fe4bd04cc058df22d48
    Name  : 01-bpmnimages
    Typ   : Artifact

  [kein Trigger] id-f288345be38644dc82e14aff003cdc2e
    Name  : 99-strukturimages
    Typ   : Artifact

  [kein Trigger] id-1a430c86295b48caac4dc89a298993d0
    Name  : Archi Export<modellname>.svg
    Typ   : Artifact

  [kein Trigger] id-31d70ca3d0fe4688bfdeed740e6d75e8
    Name  : BPMN 2.0 Export<modellname>.svg (copy)
    Typ   : Artifact

  [kein Trigger] id-81a40cfad3ea4c32a3ad2255d2df9036
    Name  : XML01-collect_sources.py
    Typ   : Artifact

  [kein Trigger] id-2a0c64eafdd146f595e4c9c36445506b
    Name  : XML02-parse_child_xml.py
    Typ   : Artifact

  [kein Trigger] id-412859ad3e5945c7b8c70acd1205e0cb
    Name  : XML03-build_index.py
    Typ   : Artifact

  [kein Trigger] id-40a277e6db974a81b38ae4d9207d2f33
    Name  : XML04-merge_master.py
    Typ   : Artifact

  [kein Trigger] id-7b3c3acd71fc4145a323ecda218f8c04
    Name  : child_mapping.txt
    Typ   : Artifact

  [kein Trigger] id-3a676dde5eee4c849f894b89f3eb733c
    Name  : mapping.txt
    Typ   : Artifact

  [kein Trigger] id-22563d53ff58435b9f01ab3133323226
    Name  : How2Archi2CSVFlow.txt
    Typ   : Artifact

  [kein Trigger] id-18c51adb8cf5498c812099f895f87d2c
    Name  : How2Master2BPMNProzess.txt
    Typ   : Artifact

  [kein Trigger] id-aa3ac598714848d2bc34d4c59f8d53f2
    Name  : How2MasterXMLFlow.txt
    Typ   : Artifact

  [kein Trigger] id-1595c1343f6a47bb9cb4918e9bcdda2b
    Name  : Global GOV.pdf
    Typ   : Artifact

  [kein Trigger] id-c873fabb598748a98d5ab2dea9f60768
    Name  : XML05-clear_merge.py
    Typ   : Artifact

  [kein Trigger] id-6e8348465c224de3afaa052a0d7509f6
    Name  : XML06-finalize-master.py
    Typ   : Artifact

  [kein Trigger] id-a74e52f49a8440c3b02e71b071fb7a69
    Name  : XML07-cleanup-artifacts.py
    Typ   : Artifact

  [kein Trigger] id-7cf7e93e2d2f47a0925dc226bb40f3ac
    Name  : csvexport.txt
    Typ   : Artifact

  [kein Trigger] id-c9c51291610344c1ae44f467853145b2
    Name  : 00-master
    Typ   : Artifact

  [kein Trigger] id-1a8d962cdfdb4013ab3df1f00819af7e
    Name  : 01-mapping
    Typ   : Artifact

  [kein Trigger] id-6abab46b45b646ef8add25cc81067c4d
    Name  : 02-xychild
    Typ   : Artifact

  [kein Trigger] id-903889af94ce41788e16b7c7a2b67d96
    Name  : csvmapping.txt
    Typ   : Artifact

  [kein Trigger] id-b0f4907896d84881a6eda85170ca138e
    Name  : propmapping.txt
    Typ   : Artifact

  [kein Trigger] id-a7fa6d94a699464588fcb77ba2a37801
    Name  : 05-images
    Typ   : Artifact

  [kein Trigger] id-27b9e7c39621408780bd64d43ecca7d6
    Name  : 00-archimateimages
    Typ   : Artifact

  [kein Trigger] id-bb4ffd52b8c948158aa2da566a1cbc46
    Name  : 01-bpmnimages
    Typ   : Artifact

  [kein Trigger] id-d01857362b694d19acdc32b3859e1fe6
    Name  : 99-strukturimages
    Typ   : Artifact

  [kein Trigger] id-3d790885e4c8467e83688fa09298f11b
    Name  : model-scope.txt
    Typ   : Artifact

  [kein Trigger] id-b73072a8c0e147efac4a5316927c70c3
    Name  : Master 2 BPMN Cycle
    Typ   : Artifact

  [kein Trigger] id-5cd0f106affd4652a9dfacac89d85dfb
    Name  : M2B00-root_resolve.py
    Typ   : Artifact

  [kein Trigger] id-bbc83b29394045f99435846d6a38b04f
    Name  : M2B01-master_extract.py
    Typ   : Artifact

  [kein Trigger] id-e65b56d9a85947a8ac88841130aab916
    Name  : M2B02-activate_model.py
    Typ   : Artifact

  [kein Trigger] id-9d33612bea7944d7b8f9018f05974753
    Name  : M2B03-clear.py
    Typ   : Artifact

  [kein Trigger] id-e5ab5d2846fc4a0e85e7d2ce2240ebb1
    Name  : M2B04-reconcile_enrich.py
    Typ   : Artifact

  [kein Trigger] id-35a102086aab4a5098481707177ebaf6
    Name  : STA00-Me ;)
    Typ   : Stakeholder

  [kein Trigger] id-f0f0f9edab974e42a6a0c2bfdfd0c2e0
    Name  : PRI02-Freie Software
    Typ   : Principle

  [kein Trigger] id-4eda9886e61e43adbe284fbe6679ee1a
    Name  : REQ05-Praxis tauglich
    Typ   : Requirement

  [kein Trigger] id-d1d04a2ed3a54f7bb7bf81e7ccae4d75
    Name  : REQ01-Leicht zu bedienen
    Typ   : Requirement

  [kein Trigger] id-74363f1797494190ac7e9e2900fda900
    Name  : PRI04-Offene Normen und Guidelines
    Typ   : Principle

  [kein Trigger] id-1feb6dd351ce421c8cec6c3fee8c0f45
    Name  : MEA00-Free 4 all
    Typ   : Meaning

  [kein Trigger] id-5579e8de5ea74b94b41cd2ff1113d6f8
    Name  : PRI01-Freier Zugang zu Unterlagen
    Typ   : Principle

  [kein Trigger] id-c50b64cab06049b9b724ce5d4ae94c89
    Name  : REQ04-Visuell getrieben
    Typ   : Requirement

  [kein Trigger] id-16a08948c74f418ea2d1093df569b12c
    Name  : REQ03-wartbar
    Typ   : Requirement

  [kein Trigger] id-b41a83116fe2490387753d442f5303cf
    Name  : PRI03-Offen für Erweiterung
    Typ   : Principle

  [kein Trigger] id-5f48baf405e2434c8562e4be579f0816
    Name  : DRV00-Geiler Job
    Typ   : Driver

  [kein Trigger] id-a629cbaa5892420cbf7ee173c114ae5c
    Name  : ASS00-Mögliche Lösungen
    Typ   : Assessment

  [kein Trigger] id-07aa42f89e8d404aa027971535a68236
    Name  : OUT00-R+MUNI
    Typ   : Outcome

  [kein Trigger] id-fa09164a4758456895d442486aff62ea
    Name  : VAL00-Millionen Sachen
    Typ   : Value

  [kein Trigger] id-4efa44dd2e3d44a69f0945d0f16c195a
    Name  : DRV01-Wissbegierde
    Typ   : Driver

  [kein Trigger] id-12679af793a742f0b3e5a6c196ca207d
    Name  : GOA00-R+MUNI Release
    Typ   : Goal

  [kein Trigger] id-9f87b3f035bc49ef981b4e32b4936ad6
    Name  : DRV02-Was mich motiviert!
    Typ   : Driver

  [kein Trigger] id-2e8003103e65443fa5bdb50a9142d97a
    Name  : REQ02-Wie es sein sollt
    Typ   : Requirement

  [kein Trigger] id-2a1f094032ac44b982bc88b695a59cec
    Name  : PRI00-Die Prinzipien sind mir wichtig
    Typ   : Principle

  [kein Trigger] id-a9c6b3622b6d4b55b8fbd0106eb6dfbb
    Name  : MEA01-Wie ich denke
    Typ   : Meaning

  [kein Trigger] id-5806af86e54f4bddadc9d002bb6e30f0
    Name  : MEA02-Offen entwickelbar
    Typ   : Meaning

  [kein Trigger] id-0a367492b3df434f9737a64bdae55abd
    Name  : REQ00-Kostenfreier Stack
    Typ   : Requirement

  [kein Trigger] id-bbcc8e9085c14f17818bd61081881d05
    Name  : Work Package
    Typ   : WorkPackage

----------------------------------------

Datei: 02-artifacts\00-xml\03-child\01-bpmnchild\BPU01-CSV 2 CSV.bpmn
  [kein Trigger] Event_141ojog
    Name  : CSV Basis Setup
    Typ   : startEvent

  [Trigger:Ja] Activity_0oba9ny
    Name  : CSV00-validate_environment.py
    Typ   : serviceTask
    Script: CSV00-validate_environment.py

  [Trigger:Ja] Activity_1ap0iye
    Name  : CSV01-validate_model.py
    Typ   : serviceTask
    Script: CSV01-validate_model.py

  [Trigger:Ja] Activity_16u81bj
    Name  : CSV03-resolve_run_scope.py
    Typ   : serviceTask
    Script: CSV03-resolve_run_scope.py

  [Trigger:Ja] Activity_06otpyj
    Name  : CSV04-model-overview.py
    Typ   : serviceTask
    Script: CSV04-model-overview.py

  [Trigger:Ja] Activity_1b1btjs
    Name  : CSV05-create_master_csvs.py
    Typ   : serviceTask
    Script: CSV05-create_master_csvs.py

  [kein Trigger] Event_0on2m2i
    Name  : CSV gecloned
    Typ   : endEvent

----------------------------------------

