[2026-03-06T19:55:54] start M2B06 scope snapshot
[2026-03-06T19:55:54] found 21 unique sourceSystem/sourceModel combinations
[2026-03-06T19:55:54]   archi    | Architecture.xml
[2026-03-06T19:55:54]   archi    | Importer.xml
[2026-03-06T19:55:54]   archi    | MUNI FLOW.xml
[2026-03-06T19:55:54]   archi    | R+Muni Architecture Modell.xml
[2026-03-06T19:55:54]   bpmn     | BPU01-CSV 2 CSV.bpmn
[2026-03-06T19:55:54]   bpmn     | BPU02-XLSX 2 CSV.bpmn
[2026-03-06T19:55:54]   bpmn     | BUP00-3rd Party Import.bpmn
[2026-03-06T19:55:54]   bpmn     | BUP00-CSV FLOW.bpmn
[2026-03-06T19:55:54]   bpmn     | BUP01-Lösung für Anforderung erarbeiten.bpmn
[2026-03-06T19:55:54]   bpmn     | BUP02-Lösung präsentieren.bpmn
[2026-03-06T19:55:54]   bpmn     | BUP03-R+MUNI anpassen.bpmn
[2026-03-06T19:55:54]   bpmn     | BUP03-masterxml 2 CSV.bpmn
[2026-03-06T19:55:54]   bpmn     | BUP04-R+MUNI entwickeln.bpmn
[2026-03-06T19:55:54]   bpmn     | BUP04-mastercsv2Assets.bpmn
[2026-03-06T19:55:54]   bpmn     | BUP05-R+MUNI installieren.bpmn
[2026-03-06T19:55:54]   bpmn     | BUP05-XML FLOW.bpmn
[2026-03-06T19:55:54]   bpmn     | BUP06-M2B FLOW.bpmn
[2026-03-06T19:55:54]   bpmn     | BUP06-Schulung durchführen.bpmn
[2026-03-06T19:55:54]   bpmn     | BUP07-FLOW.bpmn
[2026-03-06T19:55:54]   bpmn     | BUP07-Visuelle Modelle erstellen.bpmn
[2026-03-06T19:55:54]   bpmn     | Business Process.bpmn
[2026-03-06T19:55:54] run-scope.txt base lines (without old snapshot): 26
[2026-03-06T19:55:54] run-scope.txt updated: C:\Prototyping\MUNI\03-stages\run-scope.txt
[2026-03-06T19:55:54] M2B06 completed successfully | snapshot entries=21
[2026-03-06T20:03:00] start M2B06 scope snapshot
[2026-03-06T20:03:00] found 13 unique sourceSystem/sourceModel combinations
[2026-03-06T20:03:00]   archi    | Architecture.xml
[2026-03-06T20:03:00]   archi    | Importer.xml
[2026-03-06T20:03:00]   archi    | MUNI FLOW.xml
[2026-03-06T20:03:00]   archi    | R+Muni Architecture Modell.xml
[2026-03-06T20:03:00]   bpmn     | BPU01-CSV 2 CSV.bpmn
[2026-03-06T20:03:00]   bpmn     | BPU02-XLSX 2 CSV.bpmn
[2026-03-06T20:03:00]   bpmn     | BUP00-CSV FLOW.bpmn
[2026-03-06T20:03:00]   bpmn     | BUP03-masterxml 2 CSV.bpmn
[2026-03-06T20:03:00]   bpmn     | BUP04-mastercsv2Assets.bpmn
[2026-03-06T20:03:00]   bpmn     | BUP05-XML FLOW.bpmn
[2026-03-06T20:03:00]   bpmn     | BUP06-M2B FLOW.bpmn
[2026-03-06T20:03:00]   bpmn     | BUP07-FLOW.bpmn
[2026-03-06T20:03:00]   bpmn     | Business Process.bpmn
[2026-03-06T20:03:00] run-scope.txt base lines (without old snapshot): 26
[2026-03-06T20:03:00] run-scope.txt updated: C:\Prototyping\MUNI\03-stages\run-scope.txt
[2026-03-06T20:03:00] M2B06 completed successfully | snapshot entries=13
