[2026-03-06T19:54:34] start M2B05 writeback
[2026-03-06T19:54:34] backup created: master.xml.bak
[2026-03-06T19:54:34] BPMN files found: 17
[2026-03-06T19:54:34] [HULL] BPU01-CSV 2 CSV.bpmn | process=id-3431625e8daa424b9f089c21d4ea6049 (hull-only, writing back as-is)
[2026-03-06T19:54:34]   -> appended in master.xml
[2026-03-06T19:54:34] [HULL] BPU02-XLSX 2 CSV.bpmn | process=id-8d6586a812d04fa9aa1e0e646e1fd239 (hull-only, writing back as-is)
[2026-03-06T19:54:34]   -> appended in master.xml
[2026-03-06T19:54:34] [HULL] BUP00-3rd Party Import.bpmn | process=id-0f0b8b3ec7104ab9a902e773a818553f (hull-only, writing back as-is)
[2026-03-06T19:54:34]   -> appended in master.xml
[2026-03-06T19:54:34] [HULL] BUP00-CSV FLOW.bpmn | process=id-1393ce3e12f1498eb06cbefe32f0be91 (hull-only, writing back as-is)
[2026-03-06T19:54:34]   -> appended in master.xml
[2026-03-06T19:54:34] [HULL] BUP01-Lösung für Anforderung erarbeiten.bpmn | process=id-6d76f68d89d44f9491a836e9e993d2d7 (hull-only, writing back as-is)
[2026-03-06T19:54:34]   -> appended in master.xml
[2026-03-06T19:54:34] [HULL] BUP02-Lösung präsentieren.bpmn | process=id-6132cbb6e22143e3a4a8f1e18ae8aabc (hull-only, writing back as-is)
[2026-03-06T19:54:34]   -> appended in master.xml
[2026-03-06T19:54:34] [HULL] BUP03-masterxml 2 CSV.bpmn | process=id-5e398e49cb0a4fbd889849a7e7c272c6 (hull-only, writing back as-is)
[2026-03-06T19:54:34]   -> appended in master.xml
[2026-03-06T19:54:34] [HULL] BUP03-R+MUNI anpassen.bpmn | process=id-ec42131fce17464ababb7bedfe11f468 (hull-only, writing back as-is)
[2026-03-06T19:54:34]   -> appended in master.xml
[2026-03-06T19:54:34] [HULL] BUP04-mastercsv2Assets.bpmn | process=id-8b98e9a157c845acb0fb8f0049826222 (hull-only, writing back as-is)
[2026-03-06T19:54:34]   -> appended in master.xml
[2026-03-06T19:54:34] [HULL] BUP04-R+MUNI entwickeln.bpmn | process=id-394ce819ab194ca09c10b6671ea3a587 (hull-only, writing back as-is)
[2026-03-06T19:54:34]   -> appended in master.xml
[2026-03-06T19:54:34] [HULL] BUP05-R+MUNI installieren.bpmn | process=id-486ae814a4cf4dde90c3a130c6441454 (hull-only, writing back as-is)
[2026-03-06T19:54:34]   -> appended in master.xml
[2026-03-06T19:54:34] [HULL] BUP05-XML FLOW.bpmn | process=id-87df041b085a403e948d63e82b6dc556 (hull-only, writing back as-is)
[2026-03-06T19:54:34]   -> appended in master.xml
[2026-03-06T19:54:34] [HULL] BUP06-M2B FLOW.bpmn | process=id-136c6e495f7944fe9d174e8e99401ca1 (hull-only, writing back as-is)
[2026-03-06T19:54:34]   -> appended in master.xml
[2026-03-06T19:54:34] [HULL] BUP06-Schulung durchführen.bpmn | process=id-bfe411b764cb4400aa04321e5da21131 (hull-only, writing back as-is)
[2026-03-06T19:54:34]   -> appended in master.xml
[2026-03-06T19:54:34] [HULL] BUP07-FLOW.bpmn | process=id-f2e451fc1a5040418d5ce92a8baa0d16 (hull-only, writing back as-is)
[2026-03-06T19:54:34]   -> appended in master.xml
[2026-03-06T19:54:34] [HULL] BUP07-Visuelle Modelle erstellen.bpmn | process=id-5b10384809f94f15a0bc399b68f7cdf6 (hull-only, writing back as-is)
[2026-03-06T19:54:34]   -> appended in master.xml
[2026-03-06T19:54:34] [HULL] Business Process.bpmn | process=id-2bc8d13549934e39bf40ae06c96980e8 (hull-only, writing back as-is)
[2026-03-06T19:54:34]   -> appended in master.xml
[2026-03-06T19:54:35] master.xml updated | appended=17 replaced=0 hull=17 skipped=0 error=0
[2026-03-06T19:54:35] M2B05 writeback completed successfully
[2026-03-06T19:55:50] start M2B05 writeback
[2026-03-06T19:55:50] backup created: master.xml.bak
[2026-03-06T19:55:50] BPMN files found: 9
[2026-03-06T19:55:50] [HULL] BPU01-CSV 2 CSV.bpmn | process=id-3431625e8daa424b9f089c21d4ea6049 (hull-only, writing back as-is)
[2026-03-06T19:55:50]   -> replaced in master.xml
[2026-03-06T19:55:50] [HULL] BPU02-XLSX 2 CSV.bpmn | process=id-8d6586a812d04fa9aa1e0e646e1fd239 (hull-only, writing back as-is)
[2026-03-06T19:55:50]   -> replaced in master.xml
[2026-03-06T19:55:50] [HULL] BUP00-CSV FLOW.bpmn | process=id-1393ce3e12f1498eb06cbefe32f0be91 (hull-only, writing back as-is)
[2026-03-06T19:55:50]   -> replaced in master.xml
[2026-03-06T19:55:50] [HULL] BUP03-masterxml 2 CSV.bpmn | process=id-5e398e49cb0a4fbd889849a7e7c272c6 (hull-only, writing back as-is)
[2026-03-06T19:55:50]   -> replaced in master.xml
[2026-03-06T19:55:50] [HULL] BUP04-mastercsv2Assets.bpmn | process=id-8b98e9a157c845acb0fb8f0049826222 (hull-only, writing back as-is)
[2026-03-06T19:55:50]   -> replaced in master.xml
[2026-03-06T19:55:50] [HULL] BUP05-XML FLOW.bpmn | process=id-87df041b085a403e948d63e82b6dc556 (hull-only, writing back as-is)
[2026-03-06T19:55:50]   -> replaced in master.xml
[2026-03-06T19:55:50] [HULL] BUP06-M2B FLOW.bpmn | process=id-136c6e495f7944fe9d174e8e99401ca1 (hull-only, writing back as-is)
[2026-03-06T19:55:50]   -> replaced in master.xml
[2026-03-06T19:55:50] [HULL] BUP07-FLOW.bpmn | process=id-f2e451fc1a5040418d5ce92a8baa0d16 (hull-only, writing back as-is)
[2026-03-06T19:55:50]   -> replaced in master.xml
[2026-03-06T19:55:50] [HULL] Business Process.bpmn | process=id-b05d92f746d94431b312d6163dec3154 (hull-only, writing back as-is)
[2026-03-06T19:55:50]   -> appended in master.xml
[2026-03-06T19:55:51] master.xml updated | appended=1 replaced=8 hull=9 skipped=0 error=0
[2026-03-06T19:55:51] M2B05 writeback completed successfully
[2026-03-06T20:02:53] start M2B05 writeback
[2026-03-06T20:02:53] backup created: master.xml.bak
[2026-03-06T20:02:53] BPMN files found: 9
[2026-03-06T20:02:53] [HULL] BPU01-CSV 2 CSV.bpmn | process=id-3431625e8daa424b9f089c21d4ea6049 (hull-only, writing back as-is)
[2026-03-06T20:02:53]   -> appended in master.xml
[2026-03-06T20:02:53] [HULL] BPU02-XLSX 2 CSV.bpmn | process=id-8d6586a812d04fa9aa1e0e646e1fd239 (hull-only, writing back as-is)
[2026-03-06T20:02:53]   -> appended in master.xml
[2026-03-06T20:02:53] [HULL] BUP00-CSV FLOW.bpmn | process=id-1393ce3e12f1498eb06cbefe32f0be91 (hull-only, writing back as-is)
[2026-03-06T20:02:53]   -> appended in master.xml
[2026-03-06T20:02:53] [HULL] BUP03-masterxml 2 CSV.bpmn | process=id-5e398e49cb0a4fbd889849a7e7c272c6 (hull-only, writing back as-is)
[2026-03-06T20:02:53]   -> appended in master.xml
[2026-03-06T20:02:53] [HULL] BUP04-mastercsv2Assets.bpmn | process=id-8b98e9a157c845acb0fb8f0049826222 (hull-only, writing back as-is)
[2026-03-06T20:02:53]   -> appended in master.xml
[2026-03-06T20:02:53] [HULL] BUP05-XML FLOW.bpmn | process=id-87df041b085a403e948d63e82b6dc556 (hull-only, writing back as-is)
[2026-03-06T20:02:53]   -> appended in master.xml
[2026-03-06T20:02:53] [HULL] BUP06-M2B FLOW.bpmn | process=id-136c6e495f7944fe9d174e8e99401ca1 (hull-only, writing back as-is)
[2026-03-06T20:02:53]   -> appended in master.xml
[2026-03-06T20:02:53] [HULL] BUP07-FLOW.bpmn | process=id-f2e451fc1a5040418d5ce92a8baa0d16 (hull-only, writing back as-is)
[2026-03-06T20:02:53]   -> appended in master.xml
[2026-03-06T20:02:53] [HULL] Business Process.bpmn | process=id-b05d92f746d94431b312d6163dec3154 (hull-only, writing back as-is)
[2026-03-06T20:02:53]   -> appended in master.xml
[2026-03-06T20:02:53] master.xml updated | appended=9 replaced=0 hull=9 skipped=0 error=0
[2026-03-06T20:02:53] M2B05 writeback completed successfully
[2026-03-07T00:34:51] start M2B05 writeback
[2026-03-07T00:34:51] backup created: master.xml.bak
[2026-03-07T00:34:51] BPMN files found: 9
[2026-03-07T00:34:51] [WRITE] BPU01-CSV 2 CSV.bpmn | process=id-3431625e8daa424b9f089c21d4ea6049
[2026-03-07T00:34:51]   -> replaced in master.xml
[2026-03-07T00:34:51] [HULL] BPU02-XLSX 2 CSV.bpmn | process=id-8d6586a812d04fa9aa1e0e646e1fd239 (hull-only, writing back as-is)
[2026-03-07T00:34:51]   -> replaced in master.xml
[2026-03-07T00:34:51] [HULL] BUP00-CSV FLOW.bpmn | process=id-1393ce3e12f1498eb06cbefe32f0be91 (hull-only, writing back as-is)
[2026-03-07T00:34:51]   -> replaced in master.xml
[2026-03-07T00:34:51] [HULL] BUP03-masterxml 2 CSV.bpmn | process=id-5e398e49cb0a4fbd889849a7e7c272c6 (hull-only, writing back as-is)
[2026-03-07T00:34:51]   -> replaced in master.xml
[2026-03-07T00:34:51] [HULL] BUP04-mastercsv2Assets.bpmn | process=id-8b98e9a157c845acb0fb8f0049826222 (hull-only, writing back as-is)
[2026-03-07T00:34:51]   -> replaced in master.xml
[2026-03-07T00:34:51] [HULL] BUP05-XML FLOW.bpmn | process=id-87df041b085a403e948d63e82b6dc556 (hull-only, writing back as-is)
[2026-03-07T00:34:51]   -> replaced in master.xml
[2026-03-07T00:34:51] [HULL] BUP06-M2B FLOW.bpmn | process=id-136c6e495f7944fe9d174e8e99401ca1 (hull-only, writing back as-is)
[2026-03-07T00:34:51]   -> replaced in master.xml
[2026-03-07T00:34:51] [HULL] BUP07-FLOW.bpmn | process=id-f2e451fc1a5040418d5ce92a8baa0d16 (hull-only, writing back as-is)
[2026-03-07T00:34:51]   -> replaced in master.xml
[2026-03-07T00:34:51] [HULL] Business Process.bpmn | process=id-b05d92f746d94431b312d6163dec3154 (hull-only, writing back as-is)
[2026-03-07T00:34:51]   -> replaced in master.xml
[2026-03-07T00:34:51] master.xml updated | appended=0 replaced=9 hull=8 skipped=0 error=0
[2026-03-07T00:34:51] M2B05 writeback completed successfully
